#
# There is insufficient memory for the Java Runtime Environment to continue.
# Native memory allocation (malloc) failed to allocate 1423056 bytes. Error detail: Chunk::new
# Possible reasons:
#   The system is out of physical RAM or swap space
#   This process is running with CompressedOops enabled, and the Java Heap may be blocking the growth of the native heap
# Possible solutions:
#   Reduce memory load on the system
#   Increase physical memory or swap space
#   Check if swap backing store is full
#   Decrease Java heap size (-Xmx/-Xms)
#   Decrease number of Java threads
#   Decrease Java thread stack sizes (-Xss)
#   Set larger code cache with -XX:ReservedCodeCacheSize=
#   JVM is running with Unscaled Compressed Oops mode in which the Java heap is
#     placed in the first 4GB address space. The Java Heap base address is the
#     maximum limit for the native heap growth. Please use -XX:HeapBaseMinAddress
#     to set the Java Heap base and to place the Java Heap above 4GB virtual address.
# This output file may be truncated or incomplete.
#
#  Out of Memory Error (arena.cpp:168), pid=18104, tid=14644
#
# JRE version: OpenJDK Runtime Environment Temurin-21.0.11+10 (21.0.11+10) (build 21.0.11+10-LTS)
# Java VM: OpenJDK 64-Bit Server VM Temurin-21.0.11+10 (21.0.11+10-LTS, mixed mode, sharing, tiered, compressed oops, compressed class ptrs, parallel gc, windows-amd64)
# No core dump will be written. Minidumps are not enabled by default on client versions of Windows
#

---------------  S U M M A R Y ------------

Command Line: --add-modules=ALL-SYSTEM --add-opens=java.base/java.util=ALL-UNNAMED --add-opens=java.base/java.lang=ALL-UNNAMED --add-opens=java.base/sun.nio.fs=ALL-UNNAMED -Declipse.application=org.eclipse.jdt.ls.core.id1 -Dosgi.bundles.defaultStartLevel=4 -Declipse.product=org.eclipse.jdt.ls.core.product -Djava.import.generatesMetadataFilesAtProjectRoot=false -DDetectVMInstallationsJob.disabled=true -Dfile.encoding=utf8 -XX:+UseParallelGC -XX:GCTimeRatio=4 -XX:AdaptiveSizePolicyWeight=90 -Dsun.zip.disableMemoryMapping=true -Xmx2G -Xms100m -Xlog:disable -javaagent:c:\Users\Dell\.vscode\extensions\redhat.java-1.55.0-win32-x64\lombok\lombok-1.18.39-4050.jar -XX:+HeapDumpOnOutOfMemoryError -XX:HeapDumpPath=c:\Users\Dell\AppData\Roaming\Code\User\workspaceStorage\28a91fd3fe968c159383c64ab61462b2\redhat.java -Daether.dependencyCollector.impl=bf c:\Users\Dell\.vscode\extensions\redhat.java-1.55.0-win32-x64\server\plugins\org.eclipse.equinox.launcher_1.7.200.v20260619-2039.jar -configuration c:\Users\Dell\AppData\Roaming\Code\User\globalStorage\redhat.java\1.55.0\config_win -data c:\Users\Dell\AppData\Roaming\Code\User\workspaceStorage\28a91fd3fe968c159383c64ab61462b2\redhat.java\jdt_ws --pipe=\\.\pipe\lsp-31fe666e6247b90f4f9e4c1294067929-sock

Host: 13th Gen Intel(R) Core(TM) i5-1340P, 16 cores, 15G,  Windows 11 , 64 bit Build 26100 (10.0.26100.7309)
Time: Tue Aug  4 16:03:00 2026 India Standard Time elapsed time: 5490.420521 seconds (0d 1h 31m 30s)

---------------  T H R E A D  ---------------

Current thread (0x000001eb4c8eb7f0):  JavaThread "C2 CompilerThread0" daemon [_thread_in_native, id=14644, stack(0x00000082cd000000,0x00000082cd100000) (1024K)]


Current CompileTask:
C2:5490420 19512   !   4       lombok.core.AST::buildWithField0 (121 bytes)

Stack: [0x00000082cd000000,0x00000082cd100000]
Native frames: (J=compiled Java code, j=interpreted, Vv=VM code, C=native code)
V  [jvm.dll+0x6d7e19]
V  [jvm.dll+0x8b5096]
V  [jvm.dll+0x8b764e]
V  [jvm.dll+0x8b7d33]
V  [jvm.dll+0x284596]
V  [jvm.dll+0xc685d]
V  [jvm.dll+0xc6da1]
V  [jvm.dll+0x3bed31]
V  [jvm.dll+0x38b2b2]
V  [jvm.dll+0x38a6fa]
V  [jvm.dll+0x24c700]
V  [jvm.dll+0x24bce0]
V  [jvm.dll+0x1cb4ae]
V  [jvm.dll+0x25baad]
V  [jvm.dll+0x25a03a]
V  [jvm.dll+0x3f868e]
V  [jvm.dll+0x85fb0d]
V  [jvm.dll+0x6d664d]
C  [ucrtbase.dll+0x37b0]
C  [KERNEL32.DLL+0x2e8d7]
C  [ntdll.dll+0x8c53c]


---------------  P R O C E S S  ---------------

Threads class SMR info:
_java_thread_list=0x000001eb6ab95e00, length=49, elements={
0x000001eb4a48b920, 0x000001eb4c8d53d0, 0x000001eb4c7de270, 0x000001eb4c8d7a80,
0x000001eb4c8d9ff0, 0x000001eb4c8de0f0, 0x000001eb4c8e61a0, 0x000001eb4c8eb7f0,
0x000001eb4c8ee550, 0x000001eb6477abb0, 0x000001eb6a02e2d0, 0x000001eb6a98b860,
0x000001eb6abc6750, 0x000001eb6a9c73f0, 0x000001eb6a9c4560, 0x000001eb647a2150,
0x000001eb6a3318c0, 0x000001eb6a92ffe0, 0x000001eb6a930670, 0x000001eb6a931a20,
0x000001eb6f650c60, 0x000001eb6f64e500, 0x000001eb6f6505d0, 0x000001eb6f652010,
0x000001eb6f651980, 0x000001eb6f64eb90, 0x000001eb6f6526a0, 0x000001eb6f64f220,
0x000001eb6f64f8b0, 0x000001eb6f6540e0, 0x000001eb6f654770, 0x000001eb6f655490,
0x000001eb6f653a50, 0x000001eb6f654e00, 0x000001eb6f655b20, 0x000001eb6f652d30,
0x000001eb6f6533c0, 0x000001eb6cb7c710, 0x000001eb6cb815d0, 0x000001eb6cb82980,
0x000001eb6cf494d0, 0x000001eb6cf42540, 0x000001eb6a113890, 0x000001eb6a116d10,
0x000001eb6fc74af0, 0x000001eb6fc71670, 0x000001eb6fc75180, 0x000001eb6e188240,
0x000001eb6e18bf90
}

Java Threads: ( => current thread )
  0x000001eb4a48b920 JavaThread "main"                              [_thread_blocked, id=10060, stack(0x00000082cc600000,0x00000082cc700000) (1024K)]
  0x000001eb4c8d53d0 JavaThread "Reference Handler"          daemon [_thread_blocked, id=15416, stack(0x00000082cca00000,0x00000082ccb00000) (1024K)]
  0x000001eb4c7de270 JavaThread "Finalizer"                  daemon [_thread_blocked, id=23404, stack(0x00000082ccb00000,0x00000082ccc00000) (1024K)]
  0x000001eb4c8d7a80 JavaThread "Signal Dispatcher"          daemon [_thread_blocked, id=22544, stack(0x00000082ccc00000,0x00000082ccd00000) (1024K)]
  0x000001eb4c8d9ff0 JavaThread "Attach Listener"            daemon [_thread_blocked, id=13840, stack(0x00000082ccd00000,0x00000082cce00000) (1024K)]
  0x000001eb4c8de0f0 JavaThread "Service Thread"             daemon [_thread_blocked, id=12468, stack(0x00000082cce00000,0x00000082ccf00000) (1024K)]
  0x000001eb4c8e61a0 JavaThread "Monitor Deflation Thread"   daemon [_thread_blocked, id=20896, stack(0x00000082ccf00000,0x00000082cd000000) (1024K)]
=>0x000001eb4c8eb7f0 JavaThread "C2 CompilerThread0"         daemon [_thread_in_native, id=14644, stack(0x00000082cd000000,0x00000082cd100000) (1024K)]
  0x000001eb4c8ee550 JavaThread "C1 CompilerThread0"         daemon [_thread_blocked, id=14264, stack(0x00000082cd100000,0x00000082cd200000) (1024K)]
  0x000001eb6477abb0 JavaThread "Common-Cleaner"             daemon [_thread_blocked, id=15436, stack(0x00000082cd400000,0x00000082cd500000) (1024K)]
  0x000001eb6a02e2d0 JavaThread "Notification Thread"        daemon [_thread_blocked, id=1352, stack(0x00000082cd700000,0x00000082cd800000) (1024K)]
  0x000001eb6a98b860 JavaThread "Active Thread: Equinox Container: c0ce61a4-c7e7-43e5-aca1-7cdc19524ddc"        [_thread_blocked, id=25832, stack(0x00000082ce000000,0x00000082ce100000) (1024K)]
  0x000001eb6abc6750 JavaThread "Refresh Thread: Equinox Container: c0ce61a4-c7e7-43e5-aca1-7cdc19524ddc" daemon [_thread_blocked, id=16248, stack(0x00000082cd200000,0x00000082cd300000) (1024K)]
  0x000001eb6a9c73f0 JavaThread "Framework Event Dispatcher: Equinox Container: c0ce61a4-c7e7-43e5-aca1-7cdc19524ddc" daemon [_thread_blocked, id=14460, stack(0x00000082cd300000,0x00000082cd400000) (1024K)]
  0x000001eb6a9c4560 JavaThread "Start Level: Equinox Container: c0ce61a4-c7e7-43e5-aca1-7cdc19524ddc" daemon [_thread_blocked, id=15684, stack(0x00000082cd500000,0x00000082cd600000) (1024K)]
  0x000001eb647a2150 JavaThread "Bundle File Closer"         daemon [_thread_blocked, id=27464, stack(0x00000082ce200000,0x00000082ce300000) (1024K)]
  0x000001eb6a3318c0 JavaThread "SCR Component Actor"        daemon [_thread_blocked, id=25820, stack(0x00000082ce300000,0x00000082ce400000) (1024K)]
  0x000001eb6a92ffe0 JavaThread "Worker-JM"                         [_thread_blocked, id=13044, stack(0x00000082ce600000,0x00000082ce700000) (1024K)]
  0x000001eb6a930670 JavaThread "JNA Cleaner"                daemon [_thread_blocked, id=24916, stack(0x00000082cec00000,0x00000082ced00000) (1024K)]
  0x000001eb6a931a20 JavaThread "Java indexing"              daemon [_thread_blocked, id=20656, stack(0x00000082ceb00000,0x00000082cec00000) (1024K)]
  0x000001eb6f650c60 JavaThread "Thread-1"                   daemon [_thread_in_native, id=25688, stack(0x00000082cfb00000,0x00000082cfc00000) (1024K)]
  0x000001eb6f64e500 JavaThread "Thread-2"                   daemon [_thread_in_native, id=26028, stack(0x00000082cfc00000,0x00000082cfd00000) (1024K)]
  0x000001eb6f6505d0 JavaThread "Thread-3"                   daemon [_thread_in_native, id=20472, stack(0x00000082cfd00000,0x00000082cfe00000) (1024K)]
  0x000001eb6f652010 JavaThread "Thread-4"                   daemon [_thread_in_native, id=11716, stack(0x00000082cfe00000,0x00000082cff00000) (1024K)]
  0x000001eb6f651980 JavaThread "Thread-5"                   daemon [_thread_in_native, id=24600, stack(0x00000082cff00000,0x00000082d0000000) (1024K)]
  0x000001eb6f64eb90 JavaThread "Thread-6"                   daemon [_thread_in_native, id=7140, stack(0x00000082d0000000,0x00000082d0100000) (1024K)]
  0x000001eb6f6526a0 JavaThread "Thread-7"                   daemon [_thread_in_native, id=22984, stack(0x00000082d0100000,0x00000082d0200000) (1024K)]
  0x000001eb6f64f220 JavaThread "Thread-8"                   daemon [_thread_in_native, id=28328, stack(0x00000082d0200000,0x00000082d0300000) (1024K)]
  0x000001eb6f64f8b0 JavaThread "Thread-9"                   daemon [_thread_in_native, id=7188, stack(0x00000082d0300000,0x00000082d0400000) (1024K)]
  0x000001eb6f6540e0 JavaThread "Thread-10"                  daemon [_thread_in_native, id=19504, stack(0x00000082d0400000,0x00000082d0500000) (1024K)]
  0x000001eb6f654770 JavaThread "Thread-11"                  daemon [_thread_in_native, id=18656, stack(0x00000082d0500000,0x00000082d0600000) (1024K)]
  0x000001eb6f655490 JavaThread "Thread-12"                  daemon [_thread_in_native, id=2176, stack(0x00000082d0600000,0x00000082d0700000) (1024K)]
  0x000001eb6f653a50 JavaThread "Thread-13"                  daemon [_thread_in_native, id=5092, stack(0x00000082d0700000,0x00000082d0800000) (1024K)]
  0x000001eb6f654e00 JavaThread "Thread-14"                  daemon [_thread_in_native, id=2888, stack(0x00000082d0800000,0x00000082d0900000) (1024K)]
  0x000001eb6f655b20 JavaThread "Thread-15"                  daemon [_thread_in_native, id=16260, stack(0x00000082d0900000,0x00000082d0a00000) (1024K)]
  0x000001eb6f652d30 JavaThread "Thread-16"                  daemon [_thread_in_native, id=10376, stack(0x00000082d0a00000,0x00000082d0b00000) (1024K)]
  0x000001eb6f6533c0 JavaThread "Thread-17"                  daemon [_thread_in_native, id=4768, stack(0x00000082d0b00000,0x00000082d0c00000) (1024K)]
  0x000001eb6cb7c710 JavaThread "pool-2-thread-1"                   [_thread_blocked, id=6344, stack(0x00000082d0c00000,0x00000082d0d00000) (1024K)]
  0x000001eb6cb815d0 JavaThread "WorkspaceEventsHandler"            [_thread_blocked, id=25384, stack(0x00000082d1d00000,0x00000082d1e00000) (1024K)]
  0x000001eb6cb82980 JavaThread "pool-1-thread-1"                   [_thread_blocked, id=23420, stack(0x00000082d1e00000,0x00000082d1f00000) (1024K)]
  0x000001eb6cf494d0 JavaThread "Cleaner-0"                  daemon [_thread_blocked, id=25764, stack(0x00000082d4f00000,0x00000082d5000000) (1024K)]
  0x000001eb6cf42540 JavaThread "Worker-32"                         [_thread_blocked, id=23608, stack(0x00000082cc400000,0x00000082cc500000) (1024K)]
  0x000001eb6a113890 JavaThread "Worker-36"                         [_thread_blocked, id=11712, stack(0x00000082cc300000,0x00000082cc400000) (1024K)]
  0x000001eb6a116d10 JavaThread "HttpClient-1-SelectorManager" daemon [_thread_in_native, id=28592, stack(0x00000082cf300000,0x00000082cf400000) (1024K)]
  0x000001eb6fc74af0 JavaThread "ForkJoinPool.commonPool-worker-30" daemon [_thread_in_native, id=2372, stack(0x00000082cc500000,0x00000082cc600000) (1024K)]
  0x000001eb6fc71670 JavaThread "ForkJoinPool.commonPool-worker-31" daemon [_thread_blocked, id=1312, stack(0x00000082ce400000,0x00000082ce500000) (1024K)]
  0x000001eb6fc75180 JavaThread "ForkJoinPool.commonPool-worker-32" daemon [_thread_blocked, id=14504, stack(0x00000082ce500000,0x00000082ce600000) (1024K)]
  0x000001eb6e188240 JavaThread "C2 CompilerThread1"         daemon [_thread_in_native, id=28448, stack(0x00000082ce900000,0x00000082cea00000) (1024K)]
  0x000001eb6e18bf90 JavaThread "C2 CompilerThread2"         daemon [_thread_in_native, id=19536, stack(0x00000082cea00000,0x00000082ceb00000) (1024K)]
Total: 49

Other Threads:
  0x000001eb4c7c4190 VMThread "VM Thread"                           [id=15600, stack(0x00000082cc900000,0x00000082cca00000) (1024K)]
  0x000001eb4c829780 WatcherThread "VM Periodic Task Thread"        [id=25464, stack(0x00000082cc800000,0x00000082cc900000) (1024K)]
  0x000001eb4c84ded0 WorkerThread "GC Thread#0"                     [id=15376, stack(0x00000082cc700000,0x00000082cc800000) (1024K)]
  0x000001eb6a04e680 WorkerThread "GC Thread#1"                     [id=3384, stack(0x00000082cda00000,0x00000082cdb00000) (1024K)]
  0x000001eb6a8f8650 WorkerThread "GC Thread#2"                     [id=19148, stack(0x00000082cdb00000,0x00000082cdc00000) (1024K)]
  0x000001eb6a8f8a00 WorkerThread "GC Thread#3"                     [id=12016, stack(0x00000082cdc00000,0x00000082cdd00000) (1024K)]
  0x000001eb6a8f8db0 WorkerThread "GC Thread#4"                     [id=21312, stack(0x00000082cdd00000,0x00000082cde00000) (1024K)]
  0x000001eb6a8f9160 WorkerThread "GC Thread#5"                     [id=9540, stack(0x00000082cde00000,0x00000082cdf00000) (1024K)]
  0x000001eb6a8fb710 WorkerThread "GC Thread#6"                     [id=13016, stack(0x00000082cdf00000,0x00000082ce000000) (1024K)]
  0x000001eb6a617d70 WorkerThread "GC Thread#7"                     [id=4452, stack(0x00000082ce100000,0x00000082ce200000) (1024K)]
  0x000001eb6ac6da20 WorkerThread "GC Thread#8"                     [id=18652, stack(0x00000082cd600000,0x00000082cd700000) (1024K)]
  0x000001eb6a8f4290 WorkerThread "GC Thread#9"                     [id=27092, stack(0x00000082cd800000,0x00000082cd900000) (1024K)]
  0x000001eb6a8f4640 WorkerThread "GC Thread#10"                    [id=26500, stack(0x00000082cd900000,0x00000082cda00000) (1024K)]
  0x000001eb6aeb9170 WorkerThread "GC Thread#11"                    [id=23764, stack(0x00000082ce700000,0x00000082ce800000) (1024K)]
  0x000001eb6aeb9c80 WorkerThread "GC Thread#12"                    [id=24960, stack(0x00000082ce800000,0x00000082ce900000) (1024K)]
Total: 15

Threads with active compile tasks:
C2 CompilerThread0  5490451 19512   !   4       lombok.core.AST::buildWithField0 (121 bytes)
C2 CompilerThread1  5490451 19515       4       lombok.eclipse.EclipseAST::drill (80 bytes)
C2 CompilerThread2  5490451 19513       4       lombok.core.AST::buildWithField (21 bytes)
Total: 3

VM state: not at safepoint (normal execution)

VM Mutex/Monitor currently owned by a thread: None

Heap address: 0x0000000080000000, size: 2048 MB, Compressed Oops mode: 32-bit

CDS archive(s) mapped at: [0x000001eb00000000-0x000001eb00ba0000-0x000001eb00ba0000), size 12189696, SharedBaseAddress: 0x000001eb00000000, ArchiveRelocationMode: 1.
Compressed class space mapped at: 0x000001eb01000000-0x000001eb41000000, reserved size: 1073741824
Narrow klass base: 0x000001eb00000000, Narrow klass shift: 0, Narrow klass range: 0x100000000

GC Precious Log:
 CardTable entry size: 512
 CPUs: 16 total, 16 available
 Memory: 16068M
 Large Page Support: Disabled
 NUMA Support: Disabled
 Compressed Oops: Enabled (32-bit)
 Alignments: Space 512K, Generation 512K, Heap 2M
 Heap Min Capacity: 100M
 Heap Initial Capacity: 100M
 Heap Max Capacity: 2G
 Pre-touch: Disabled
 Parallel Workers: 13

Heap:
 PSYoungGen      total 5632K, used 2505K [0x00000000d5580000, 0x00000000d5d80000, 0x0000000100000000)
  eden space 4608K, 32% used [0x00000000d5580000,0x00000000d56fa4e0,0x00000000d5a00000)
  from space 1024K, 96% used [0x00000000d5b80000,0x00000000d5c78000,0x00000000d5c80000)
  to   space 1024K, 0% used [0x00000000d5c80000,0x00000000d5c80000,0x00000000d5d80000)
 ParOldGen       total 1063424K, used 1063055K [0x0000000080000000, 0x00000000c0e80000, 0x00000000d5580000)
  object space 1063424K, 99% used [0x0000000080000000,0x00000000c0e23e48,0x00000000c0e80000)
 Metaspace       used 86978K, committed 88704K, reserved 1179648K
  class space    used 8955K, committed 9728K, reserved 1048576K

Card table byte_map: [0x000001eb4c1d0000,0x000001eb4c5e0000] _byte_map_base: 0x000001eb4bdd0000

Marking Bits: (ParMarkBitMap*) 0x00007fff652b4460
 Begin Bits: [0x000001eb5ece0000, 0x000001eb60ce0000)
 End Bits:   [0x000001eb60ce0000, 0x000001eb62ce0000)

Polling page: 0x000001eb4a640000

Metaspace:

Usage:
  Non-class:     76.19 MB used.
      Class:      8.75 MB used.
       Both:     84.94 MB used.

Virtual space:
  Non-class space:      128.00 MB reserved,      77.12 MB ( 60%) committed,  2 nodes.
      Class space:        1.00 GB reserved,       9.50 MB ( <1%) committed,  1 nodes.
             Both:        1.12 GB reserved,      86.62 MB (  8%) committed. 

Chunk freelists:
   Non-Class:  2.62 MB
       Class:  6.38 MB
        Both:  9.00 MB

MaxMetaspaceSize: unlimited
CompressedClassSpaceSize: 1.00 GB
Initial GC threshold: 21.00 MB
Current GC threshold: 127.19 MB
CDS: on
 - commit_granule_bytes: 65536.
 - commit_granule_words: 8192.
 - virtual_space_node_default_size: 8388608.
 - enlarge_chunks_in_place: 1.
 - use_allocation_guard: 0.


Internal statistics:

num_allocs_failed_limit: 9.
num_arena_births: 1712.
num_arena_deaths: 16.
num_vsnodes_births: 3.
num_vsnodes_deaths: 0.
num_space_committed: 1386.
num_space_uncommitted: 0.
num_chunks_returned_to_freelist: 25.
num_chunks_taken_from_freelist: 5971.
num_chunk_merges: 11.
num_chunk_splits: 3530.
num_chunks_enlarged: 1815.
num_inconsistent_stats: 0.

CodeHeap 'non-profiled nmethods': size=119168Kb used=14462Kb max_used=14462Kb free=104705Kb
 bounds [0x000001eb575d0000, 0x000001eb583f0000, 0x000001eb5ea30000]
CodeHeap 'profiled nmethods': size=119104Kb used=35779Kb max_used=37354Kb free=83324Kb
 bounds [0x000001eb4fa30000, 0x000001eb51eb0000, 0x000001eb56e80000]
CodeHeap 'non-nmethods': size=7488Kb used=1516Kb max_used=3256Kb free=5971Kb
 bounds [0x000001eb56e80000, 0x000001eb571f0000, 0x000001eb575d0000]
CodeCache: size=245760Kb, used=51757Kb, max_used=55072Kb, free=194000Kb
 total_blobs=16120, nmethods=15281, adapters=742, full_count=0
Compilation: enabled, stopped_count=0, restarted_count=0

Compilation events (20 events):
Event: 5490.297 Thread 0x000001eb4c8ee550 19528       3       org.eclipse.jdt.internal.compiler.codegen.ConstantPool::initialize (27 bytes)
Event: 5490.297 Thread 0x000001eb4c8ee550 nmethod 19528 0x000001eb51924d90 code [0x000001eb51924f20, 0x000001eb51925070]
Event: 5490.297 Thread 0x000001eb4c8ee550 19520       3       org.eclipse.jdt.internal.compiler.lookup.SourceTypeBinding::setSuperClass (159 bytes)
Event: 5490.299 Thread 0x000001eb4c8ee550 nmethod 19520 0x000001eb4fff9c10 code [0x000001eb4fff9e80, 0x000001eb4fffada0]
Event: 5490.317 Thread 0x000001eb4c8ee550 19531       1       org.eclipse.jdt.core.dom.ReturnStatement::getNodeType0 (3 bytes)
Event: 5490.317 Thread 0x000001eb4c8ee550 nmethod 19531 0x000001eb583e6690 code [0x000001eb583e6820, 0x000001eb583e68e8]
Event: 5490.317 Thread 0x000001eb4c8ee550 19532       3       org.eclipse.jdt.core.dom.FieldAccess::<init> (6 bytes)
Event: 5490.317 Thread 0x000001eb4c8ee550 nmethod 19532 0x000001eb50d38e10 code [0x000001eb50d38fc0, 0x000001eb50d39158]
Event: 5490.317 Thread 0x000001eb4c8ee550 19533       3       org.eclipse.jdt.core.dom.FieldAccess::setExpression (41 bytes)
Event: 5490.318 Thread 0x000001eb4c8ee550 nmethod 19533 0x000001eb5110a210 code [0x000001eb5110a3e0, 0x000001eb5110a6b8]
Event: 5490.318 Thread 0x000001eb4c8ee550 19534       3       org.eclipse.jdt.core.dom.FieldAccess::setName (41 bytes)
Event: 5490.318 Thread 0x000001eb4c8ee550 nmethod 19534 0x000001eb4fff9610 code [0x000001eb4fff97e0, 0x000001eb4fff9ab8]
Event: 5490.319 Thread 0x000001eb4c8ee550 19535       3       org.eclipse.jdt.core.dom.ASTNode$NodeList::add (127 bytes)
Event: 5490.321 Thread 0x000001eb4c8ee550 nmethod 19535 0x000001eb4fff8790 code [0x000001eb4fff8a00, 0x000001eb4fff9230]
Event: 5490.321 Thread 0x000001eb4c8ee550 19536       1       org.eclipse.jdt.internal.compiler.parser.Scanner::getCurrentTokenStartPosition (5 bytes)
Event: 5490.321 Thread 0x000001eb4c8ee550 nmethod 19536 0x000001eb583e6990 code [0x000001eb583e6b20, 0x000001eb583e6be8]
Event: 5490.323 Thread 0x000001eb4c8ee550 19537       3       org.eclipse.jdt.core.dom.ASTConverter::checkCanceled (28 bytes)
Event: 5490.324 Thread 0x000001eb4c8ee550 nmethod 19537 0x000001eb4fff8190 code [0x000001eb4fff8360, 0x000001eb4fff8658]
Event: 5490.325 Thread 0x000001eb4c8ee550 19538       3       org.eclipse.jdt.internal.compiler.ast.StringLiteral::printExpression (54 bytes)
Event: 5490.326 Thread 0x000001eb4c8ee550 nmethod 19538 0x000001eb4fff7910 code [0x000001eb4fff7b00, 0x000001eb4fff7f40]

GC Heap History (20 events):
Event: 3039.321 GC heap before
{Heap before GC invocations=834 (full 5):
 PSYoungGen      total 5120K, used 5024K [0x00000000d5580000, 0x00000000d5b80000, 0x0000000100000000)
  eden space 4608K, 100% used [0x00000000d5580000,0x00000000d5a00000,0x00000000d5a00000)
  from space 512K, 81% used [0x00000000d5b00000,0x00000000d5b68000,0x00000000d5b80000)
  to   space 512K, 0% used [0x00000000d5a80000,0x00000000d5a80000,0x00000000d5b00000)
 ParOldGen       total 1057792K, used 1057398K [0x0000000080000000, 0x00000000c0900000, 0x00000000d5580000)
  object space 1057792K, 99% used [0x0000000080000000,0x00000000c089da30,0x00000000c0900000)
 Metaspace       used 83984K, committed 85760K, reserved 1179648K
  class space    used 8634K, committed 9472K, reserved 1048576K
}
Event: 3039.323 GC heap after
{Heap after GC invocations=834 (full 5):
 PSYoungGen      total 5120K, used 503K [0x00000000d5580000, 0x00000000d6200000, 0x0000000100000000)
  eden space 4608K, 0% used [0x00000000d5580000,0x00000000d5580000,0x00000000d5a00000)
  from space 512K, 98% used [0x00000000d5a80000,0x00000000d5afdcc8,0x00000000d5b00000)
  to   space 4096K, 0% used [0x00000000d5e00000,0x00000000d5e00000,0x00000000d6200000)
 ParOldGen       total 1060352K, used 1060064K [0x0000000080000000, 0x00000000c0b80000, 0x00000000d5580000)
  object space 1060352K, 99% used [0x0000000080000000,0x00000000c0b383e8,0x00000000c0b80000)
 Metaspace       used 83984K, committed 85760K, reserved 1179648K
  class space    used 8634K, committed 9472K, reserved 1048576K
}
Event: 3039.470 GC heap before
{Heap before GC invocations=835 (full 5):
 PSYoungGen      total 5120K, used 5111K [0x00000000d5580000, 0x00000000d6200000, 0x0000000100000000)
  eden space 4608K, 100% used [0x00000000d5580000,0x00000000d5a00000,0x00000000d5a00000)
  from space 512K, 98% used [0x00000000d5a80000,0x00000000d5afdcc8,0x00000000d5b00000)
  to   space 4096K, 0% used [0x00000000d5e00000,0x00000000d5e00000,0x00000000d6200000)
 ParOldGen       total 1060352K, used 1060064K [0x0000000080000000, 0x00000000c0b80000, 0x00000000d5580000)
  object space 1060352K, 99% used [0x0000000080000000,0x00000000c0b383e8,0x00000000c0b80000)
 Metaspace       used 84518K, committed 86272K, reserved 1179648K
  class space    used 8709K, committed 9536K, reserved 1048576K
}
Event: 3039.474 GC heap after
{Heap after GC invocations=835 (full 5):
 PSYoungGen      total 5632K, used 608K [0x00000000d5580000, 0x00000000d5f00000, 0x0000000100000000)
  eden space 4608K, 0% used [0x00000000d5580000,0x00000000d5580000,0x00000000d5a00000)
  from space 1024K, 59% used [0x00000000d5e00000,0x00000000d5e98000,0x00000000d5f00000)
  to   space 1536K, 0% used [0x00000000d5c00000,0x00000000d5c00000,0x00000000d5d80000)
 ParOldGen       total 1060352K, used 1060272K [0x0000000080000000, 0x00000000c0b80000, 0x00000000d5580000)
  object space 1060352K, 99% used [0x0000000080000000,0x00000000c0b6c3e8,0x00000000c0b80000)
 Metaspace       used 84518K, committed 86272K, reserved 1179648K
  class space    used 8709K, committed 9536K, reserved 1048576K
}
Event: 3039.641 GC heap before
{Heap before GC invocations=836 (full 5):
 PSYoungGen      total 5632K, used 5198K [0x00000000d5580000, 0x00000000d5f00000, 0x0000000100000000)
  eden space 4608K, 99% used [0x00000000d5580000,0x00000000d59fba78,0x00000000d5a00000)
  from space 1024K, 59% used [0x00000000d5e00000,0x00000000d5e98000,0x00000000d5f00000)
  to   space 1536K, 0% used [0x00000000d5c00000,0x00000000d5c00000,0x00000000d5d80000)
 ParOldGen       total 1060352K, used 1060272K [0x0000000080000000, 0x00000000c0b80000, 0x00000000d5580000)
  object space 1060352K, 99% used [0x0000000080000000,0x00000000c0b6c3e8,0x00000000c0b80000)
 Metaspace       used 85142K, committed 86912K, reserved 1179648K
  class space    used 8802K, committed 9600K, reserved 1048576K
}
Event: 3039.642 GC heap after
{Heap after GC invocations=836 (full 5):
 PSYoungGen      total 6144K, used 427K [0x00000000d5580000, 0x00000000d5e80000, 0x0000000100000000)
  eden space 4608K, 0% used [0x00000000d5580000,0x00000000d5580000,0x00000000d5a00000)
  from space 1536K, 27% used [0x00000000d5c00000,0x00000000d5c6ae98,0x00000000d5d80000)
  to   space 1024K, 0% used [0x00000000d5d80000,0x00000000d5d80000,0x00000000d5e80000)
 ParOldGen       total 1060864K, used 1060600K [0x0000000080000000, 0x00000000c0c00000, 0x00000000d5580000)
  object space 1060864K, 99% used [0x0000000080000000,0x00000000c0bbe3f8,0x00000000c0c00000)
 Metaspace       used 85142K, committed 86912K, reserved 1179648K
  class space    used 8802K, committed 9600K, reserved 1048576K
}
Event: 3039.696 GC heap before
{Heap before GC invocations=837 (full 5):
 PSYoungGen      total 6144K, used 5035K [0x00000000d5580000, 0x00000000d5e80000, 0x0000000100000000)
  eden space 4608K, 100% used [0x00000000d5580000,0x00000000d5a00000,0x00000000d5a00000)
  from space 1536K, 27% used [0x00000000d5c00000,0x00000000d5c6ae98,0x00000000d5d80000)
  to   space 1024K, 0% used [0x00000000d5d80000,0x00000000d5d80000,0x00000000d5e80000)
 ParOldGen       total 1060864K, used 1060600K [0x0000000080000000, 0x00000000c0c00000, 0x00000000d5580000)
  object space 1060864K, 99% used [0x0000000080000000,0x00000000c0bbe3f8,0x00000000c0c00000)
 Metaspace       used 85865K, committed 87616K, reserved 1179648K
  class space    used 8871K, committed 9664K, reserved 1048576K
}
Event: 3039.698 GC heap after
{Heap after GC invocations=837 (full 5):
 PSYoungGen      total 5120K, used 368K [0x00000000d5580000, 0x00000000d5e00000, 0x0000000100000000)
  eden space 4608K, 0% used [0x00000000d5580000,0x00000000d5580000,0x00000000d5a00000)
  from space 512K, 71% used [0x00000000d5d80000,0x00000000d5ddc010,0x00000000d5e00000)
  to   space 512K, 0% used [0x00000000d5d00000,0x00000000d5d00000,0x00000000d5d80000)
 ParOldGen       total 1060864K, used 1060840K [0x0000000080000000, 0x00000000c0c00000, 0x00000000d5580000)
  object space 1060864K, 99% used [0x0000000080000000,0x00000000c0bfa3a8,0x00000000c0c00000)
 Metaspace       used 85865K, committed 87616K, reserved 1179648K
  class space    used 8871K, committed 9664K, reserved 1048576K
}
Event: 3039.747 GC heap before
{Heap before GC invocations=838 (full 5):
 PSYoungGen      total 5120K, used 4976K [0x00000000d5580000, 0x00000000d5e00000, 0x0000000100000000)
  eden space 4608K, 100% used [0x00000000d5580000,0x00000000d5a00000,0x00000000d5a00000)
  from space 512K, 71% used [0x00000000d5d80000,0x00000000d5ddc010,0x00000000d5e00000)
  to   space 512K, 0% used [0x00000000d5d00000,0x00000000d5d00000,0x00000000d5d80000)
 ParOldGen       total 1060864K, used 1060840K [0x0000000080000000, 0x00000000c0c00000, 0x00000000d5580000)
  object space 1060864K, 99% used [0x0000000080000000,0x00000000c0bfa3a8,0x00000000c0c00000)
 Metaspace       used 86506K, committed 88256K, reserved 1179648K
  class space    used 8924K, committed 9728K, reserved 1048576K
}
Event: 3039.748 GC heap after
{Heap after GC invocations=838 (full 5):
 PSYoungGen      total 5120K, used 416K [0x00000000d5580000, 0x00000000d5e00000, 0x0000000100000000)
  eden space 4608K, 0% used [0x00000000d5580000,0x00000000d5580000,0x00000000d5a00000)
  from space 512K, 81% used [0x00000000d5d00000,0x00000000d5d68000,0x00000000d5d80000)
  to   space 512K, 0% used [0x00000000d5d80000,0x00000000d5d80000,0x00000000d5e00000)
 ParOldGen       total 1061376K, used 1061000K [0x0000000080000000, 0x00000000c0c80000, 0x00000000d5580000)
  object space 1061376K, 99% used [0x0000000080000000,0x00000000c0c223b8,0x00000000c0c80000)
 Metaspace       used 86506K, committed 88256K, reserved 1179648K
  class space    used 8924K, committed 9728K, reserved 1048576K
}
Event: 3039.801 GC heap before
{Heap before GC invocations=839 (full 5):
 PSYoungGen      total 5120K, used 4970K [0x00000000d5580000, 0x00000000d5e00000, 0x0000000100000000)
  eden space 4608K, 98% used [0x00000000d5580000,0x00000000d59f2be8,0x00000000d5a00000)
  from space 512K, 81% used [0x00000000d5d00000,0x00000000d5d68000,0x00000000d5d80000)
  to   space 512K, 0% used [0x00000000d5d80000,0x00000000d5d80000,0x00000000d5e00000)
 ParOldGen       total 1061376K, used 1061000K [0x0000000080000000, 0x00000000c0c80000, 0x00000000d5580000)
  object space 1061376K, 99% used [0x0000000080000000,0x00000000c0c223b8,0x00000000c0c80000)
 Metaspace       used 86686K, committed 88448K, reserved 1179648K
  class space    used 8932K, committed 9728K, reserved 1048576K
}
Event: 3039.803 GC heap after
{Heap after GC invocations=839 (full 5):
 PSYoungGen      total 5120K, used 446K [0x00000000d5580000, 0x00000000d5e00000, 0x0000000100000000)
  eden space 4608K, 0% used [0x00000000d5580000,0x00000000d5580000,0x00000000d5a00000)
  from space 512K, 87% used [0x00000000d5d80000,0x00000000d5defb88,0x00000000d5e00000)
  to   space 512K, 0% used [0x00000000d5d00000,0x00000000d5d00000,0x00000000d5d80000)
 ParOldGen       total 1061376K, used 1061128K [0x0000000080000000, 0x00000000c0c80000, 0x00000000d5580000)
  object space 1061376K, 99% used [0x0000000080000000,0x00000000c0c423b8,0x00000000c0c80000)
 Metaspace       used 86686K, committed 88448K, reserved 1179648K
  class space    used 8932K, committed 9728K, reserved 1048576K
}
Event: 4122.214 GC heap before
{Heap before GC invocations=840 (full 5):
 PSYoungGen      total 5120K, used 5054K [0x00000000d5580000, 0x00000000d5e00000, 0x0000000100000000)
  eden space 4608K, 100% used [0x00000000d5580000,0x00000000d5a00000,0x00000000d5a00000)
  from space 512K, 87% used [0x00000000d5d80000,0x00000000d5defb88,0x00000000d5e00000)
  to   space 512K, 0% used [0x00000000d5d00000,0x00000000d5d00000,0x00000000d5d80000)
 ParOldGen       total 1061376K, used 1061128K [0x0000000080000000, 0x00000000c0c80000, 0x00000000d5580000)
  object space 1061376K, 99% used [0x0000000080000000,0x00000000c0c423b8,0x00000000c0c80000)
 Metaspace       used 86910K, committed 88640K, reserved 1179648K
  class space    used 8955K, committed 9728K, reserved 1048576K
}
Event: 4122.216 GC heap after
{Heap after GC invocations=840 (full 5):
 PSYoungGen      total 5120K, used 506K [0x00000000d5580000, 0x00000000d5e00000, 0x0000000100000000)
  eden space 4608K, 0% used [0x00000000d5580000,0x00000000d5580000,0x00000000d5a00000)
  from space 512K, 98% used [0x00000000d5d00000,0x00000000d5d7e920,0x00000000d5d80000)
  to   space 512K, 0% used [0x00000000d5d80000,0x00000000d5d80000,0x00000000d5e00000)
 ParOldGen       total 1061888K, used 1061379K [0x0000000080000000, 0x00000000c0d00000, 0x00000000d5580000)
  object space 1061888K, 99% used [0x0000000080000000,0x00000000c0c80cb8,0x00000000c0d00000)
 Metaspace       used 86910K, committed 88640K, reserved 1179648K
  class space    used 8955K, committed 9728K, reserved 1048576K
}
Event: 4122.325 GC heap before
{Heap before GC invocations=841 (full 5):
 PSYoungGen      total 5120K, used 5114K [0x00000000d5580000, 0x00000000d5e00000, 0x0000000100000000)
  eden space 4608K, 100% used [0x00000000d5580000,0x00000000d5a00000,0x00000000d5a00000)
  from space 512K, 98% used [0x00000000d5d00000,0x00000000d5d7e920,0x00000000d5d80000)
  to   space 512K, 0% used [0x00000000d5d80000,0x00000000d5d80000,0x00000000d5e00000)
 ParOldGen       total 1061888K, used 1061379K [0x0000000080000000, 0x00000000c0d00000, 0x00000000d5580000)
  object space 1061888K, 99% used [0x0000000080000000,0x00000000c0c80cb8,0x00000000c0d00000)
 Metaspace       used 86937K, committed 88704K, reserved 1179648K
  class space    used 8955K, committed 9728K, reserved 1048576K
}
Event: 4122.327 GC heap after
{Heap after GC invocations=841 (full 5):
 PSYoungGen      total 5120K, used 480K [0x00000000d5580000, 0x00000000d5e00000, 0x0000000100000000)
  eden space 4608K, 0% used [0x00000000d5580000,0x00000000d5580000,0x00000000d5a00000)
  from space 512K, 93% used [0x00000000d5d80000,0x00000000d5df8020,0x00000000d5e00000)
  to   space 1536K, 0% used [0x00000000d5b00000,0x00000000d5b00000,0x00000000d5c80000)
 ParOldGen       total 1062400K, used 1062198K [0x0000000080000000, 0x00000000c0d80000, 0x00000000d5580000)
  object space 1062400K, 99% used [0x0000000080000000,0x00000000c0d4d940,0x00000000c0d80000)
 Metaspace       used 86937K, committed 88704K, reserved 1179648K
  class space    used 8955K, committed 9728K, reserved 1048576K
}
Event: 4122.720 GC heap before
{Heap before GC invocations=842 (full 5):
 PSYoungGen      total 5120K, used 5088K [0x00000000d5580000, 0x00000000d5e00000, 0x0000000100000000)
  eden space 4608K, 99% used [0x00000000d5580000,0x00000000d59ffff8,0x00000000d5a00000)
  from space 512K, 93% used [0x00000000d5d80000,0x00000000d5df8020,0x00000000d5e00000)
  to   space 1536K, 0% used [0x00000000d5b00000,0x00000000d5b00000,0x00000000d5c80000)
 ParOldGen       total 1062400K, used 1062198K [0x0000000080000000, 0x00000000c0d80000, 0x00000000d5580000)
  object space 1062400K, 99% used [0x0000000080000000,0x00000000c0d4d940,0x00000000c0d80000)
 Metaspace       used 86942K, committed 88704K, reserved 1179648K
  class space    used 8955K, committed 9728K, reserved 1048576K
}
Event: 4122.722 GC heap after
{Heap after GC invocations=842 (full 5):
 PSYoungGen      total 6144K, used 634K [0x00000000d5580000, 0x00000000d5e00000, 0x0000000100000000)
  eden space 4608K, 0% used [0x00000000d5580000,0x00000000d5580000,0x00000000d5a00000)
  from space 1536K, 41% used [0x00000000d5b00000,0x00000000d5b9e920,0x00000000d5c80000)
  to   space 1024K, 0% used [0x00000000d5d00000,0x00000000d5d00000,0x00000000d5e00000)
 ParOldGen       total 1062912K, used 1062690K [0x0000000080000000, 0x00000000c0e00000, 0x00000000d5580000)
  object space 1062912K, 99% used [0x0000000080000000,0x00000000c0dc8bf8,0x00000000c0e00000)
 Metaspace       used 86942K, committed 88704K, reserved 1179648K
  class space    used 8955K, committed 9728K, reserved 1048576K
}
Event: 5490.173 GC heap before
{Heap before GC invocations=843 (full 5):
 PSYoungGen      total 6144K, used 5242K [0x00000000d5580000, 0x00000000d5e00000, 0x0000000100000000)
  eden space 4608K, 99% used [0x00000000d5580000,0x00000000d59ffff0,0x00000000d5a00000)
  from space 1536K, 41% used [0x00000000d5b00000,0x00000000d5b9e920,0x00000000d5c80000)
  to   space 1024K, 0% used [0x00000000d5d00000,0x00000000d5d00000,0x00000000d5e00000)
 ParOldGen       total 1062912K, used 1062690K [0x0000000080000000, 0x00000000c0e00000, 0x00000000d5580000)
  object space 1062912K, 99% used [0x0000000080000000,0x00000000c0dc8bf8,0x00000000c0e00000)
 Metaspace       used 86943K, committed 88704K, reserved 1179648K
  class space    used 8955K, committed 9728K, reserved 1048576K
}
Event: 5490.178 GC heap after
{Heap after GC invocations=843 (full 5):
 PSYoungGen      total 5120K, used 506K [0x00000000d5580000, 0x00000000d5d80000, 0x0000000100000000)
  eden space 4608K, 0% used [0x00000000d5580000,0x00000000d5580000,0x00000000d5a00000)
  from space 512K, 98% used [0x00000000d5d00000,0x00000000d5d7e920,0x00000000d5d80000)
  to   space 1024K, 0% used [0x00000000d5b80000,0x00000000d5b80000,0x00000000d5c80000)
 ParOldGen       total 1062912K, used 1062803K [0x0000000080000000, 0x00000000c0e00000, 0x00000000d5580000)
  object space 1062912K, 99% used [0x0000000080000000,0x00000000c0de4c18,0x00000000c0e00000)
 Metaspace       used 86943K, committed 88704K, reserved 1179648K
  class space    used 8955K, committed 9728K, reserved 1048576K
}

Dll operation events (12 events):
Event: 0.015 Loaded shared library c:\Users\Dell\.vscode\extensions\redhat.java-1.55.0-win32-x64\jre\21.0.11-win32-x86_64\bin\java.dll
Event: 0.084 Loaded shared library c:\Users\Dell\.vscode\extensions\redhat.java-1.55.0-win32-x64\jre\21.0.11-win32-x86_64\bin\zip.dll
Event: 0.109 Loaded shared library C:\Users\Dell\.vscode\extensions\redhat.java-1.55.0-win32-x64\jre\21.0.11-win32-x86_64\bin\instrument.dll
Event: 0.114 Loaded shared library C:\Users\Dell\.vscode\extensions\redhat.java-1.55.0-win32-x64\jre\21.0.11-win32-x86_64\bin\net.dll
Event: 0.116 Loaded shared library C:\Users\Dell\.vscode\extensions\redhat.java-1.55.0-win32-x64\jre\21.0.11-win32-x86_64\bin\nio.dll
Event: 0.120 Loaded shared library C:\Users\Dell\.vscode\extensions\redhat.java-1.55.0-win32-x64\jre\21.0.11-win32-x86_64\bin\zip.dll
Event: 0.134 Loaded shared library C:\Users\Dell\.vscode\extensions\redhat.java-1.55.0-win32-x64\jre\21.0.11-win32-x86_64\bin\jimage.dll
Event: 0.187 Loaded shared library c:\Users\Dell\.vscode\extensions\redhat.java-1.55.0-win32-x64\jre\21.0.11-win32-x86_64\bin\verify.dll
Event: 6.669 Loaded shared library C:\Users\Dell\AppData\Roaming\Code\User\globalStorage\redhat.java\1.55.0\config_win\org.eclipse.equinox.launcher\org.eclipse.equinox.launcher.win32.win32.x86_64_1.3.100.v20260613-0559\eclipse_11924.dll
Event: 27.044 Loaded shared library C:\Users\Dell\AppData\Local\Temp\jna-2126305\jna16297368297890363939.dll
Event: 3038.785 Loaded shared library C:\Users\Dell\.vscode\extensions\redhat.java-1.55.0-win32-x64\jre\21.0.11-win32-x86_64\bin\sunmscapi.dll
Event: 3038.835 Loaded shared library C:\Users\Dell\.vscode\extensions\redhat.java-1.55.0-win32-x64\jre\21.0.11-win32-x86_64\bin\extnet.dll

Deoptimization events (20 events):
Event: 3039.624 Thread 0x000001eb6a112b70 Uncommon trap: trap_request=0xffffffde fr.pc=0x000001eb57745e08 relative=0x0000000000000c88
Event: 3039.624 Thread 0x000001eb6a112b70 Uncommon trap: reason=class_check action=maybe_recompile pc=0x000001eb57745e08 method=java.io.DataInputStream.readUTF(Ljava/io/DataInput;)Ljava/lang/String; @ 1 c2
Event: 3039.624 Thread 0x000001eb6a112b70 DEOPT PACKING pc=0x000001eb57745e08 sp=0x00000082ce4fe540
Event: 3039.624 Thread 0x000001eb6a112b70 DEOPT UNPACKING pc=0x000001eb56ed3aa2 sp=0x00000082ce4fe508 mode 2
Event: 3039.716 Thread 0x000001eb6a112b70 Uncommon trap: trap_request=0xffffff45 fr.pc=0x000001eb577630a8 relative=0x0000000000000088
Event: 3039.716 Thread 0x000001eb6a112b70 Uncommon trap: reason=unstable_if action=reinterpret pc=0x000001eb577630a8 method=java.lang.Long.equals(Ljava/lang/Object;)Z @ 19 c2
Event: 3039.716 Thread 0x000001eb6a112b70 DEOPT PACKING pc=0x000001eb577630a8 sp=0x00000082ce4fdef0
Event: 3039.716 Thread 0x000001eb6a112b70 DEOPT UNPACKING pc=0x000001eb56ed3aa2 sp=0x00000082ce4fde80 mode 2
Event: 3039.821 Thread 0x000001eb6a112b70 Uncommon trap: trap_request=0xffffffc6 fr.pc=0x000001eb57db0088 relative=0x0000000000000948
Event: 3039.821 Thread 0x000001eb6a112b70 Uncommon trap: reason=bimorphic_or_optimized_type_check action=maybe_recompile pc=0x000001eb57db0088 method=java.util.HashMap.computeIfAbsent(Ljava/lang/Object;Ljava/util/function/Function;)Ljava/lang/Object; @ 286 c2
Event: 3039.821 Thread 0x000001eb6a112b70 DEOPT PACKING pc=0x000001eb57db0088 sp=0x00000082ce4fec00
Event: 3039.821 Thread 0x000001eb6a112b70 DEOPT UNPACKING pc=0x000001eb56ed3aa2 sp=0x00000082ce4feb80 mode 2
Event: 4122.178 Thread 0x000001eb6cb82980 Uncommon trap: trap_request=0xffffffc6 fr.pc=0x000001eb581cce8c relative=0x0000000000000fec
Event: 4122.178 Thread 0x000001eb6cb82980 Uncommon trap: reason=bimorphic_or_optimized_type_check action=maybe_recompile pc=0x000001eb581cce8c method=org.eclipse.jdt.internal.compiler.parser.Parser.consumeRule(I)V @ 5597 c2
Event: 4122.178 Thread 0x000001eb6cb82980 DEOPT PACKING pc=0x000001eb581cce8c sp=0x00000082d1efe300
Event: 4122.178 Thread 0x000001eb6cb82980 DEOPT UNPACKING pc=0x000001eb56ed3aa2 sp=0x00000082d1efe280 mode 2
Event: 4122.224 Thread 0x000001eb6fc72390 Uncommon trap: trap_request=0xffffffc6 fr.pc=0x000001eb581cce8c relative=0x0000000000000fec
Event: 4122.224 Thread 0x000001eb6fc72390 Uncommon trap: reason=bimorphic_or_optimized_type_check action=maybe_recompile pc=0x000001eb581cce8c method=org.eclipse.jdt.internal.compiler.parser.Parser.consumeRule(I)V @ 5597 c2
Event: 4122.224 Thread 0x000001eb6fc72390 DEOPT PACKING pc=0x000001eb581cce8c sp=0x00000082cc5fde40
Event: 4122.224 Thread 0x000001eb6fc72390 DEOPT UNPACKING pc=0x000001eb56ed3aa2 sp=0x00000082cc5fddc0 mode 2

Classes loaded (20 events):
Event: 3039.581 Loading class java/util/stream/LongPipeline
Event: 3039.581 Loading class java/util/stream/LongStream
Event: 3039.581 Loading class java/util/stream/LongStream done
Event: 3039.581 Loading class java/util/stream/LongPipeline done
Event: 3039.581 Loading class java/util/stream/LongPipeline$StatelessOp done
Event: 3039.581 Loading class java/util/stream/ReferencePipeline$5 done
Event: 3039.582 Loading class java/util/stream/FindOps$FindSink$OfLong
Event: 3039.582 Loading class java/util/stream/Sink$OfLong
Event: 3039.582 Loading class java/util/stream/Sink$OfLong done
Event: 3039.582 Loading class java/util/stream/FindOps$FindSink$OfLong done
Event: 3039.582 Loading class java/util/OptionalLong
Event: 3039.582 Loading class java/util/OptionalLong done
Event: 3039.583 Loading class java/util/stream/ReferencePipeline$5$1
Event: 3039.583 Loading class java/util/stream/ReferencePipeline$5$1 done
Event: 3039.584 Loading class sun/net/www/HeaderParser
Event: 3039.584 Loading class sun/net/www/HeaderParser done
Event: 3039.587 Loading class java/nio/HeapByteBufferR
Event: 3039.587 Loading class java/nio/HeapByteBufferR done
Event: 3039.818 Loading class java/util/HashMap$EntrySpliterator
Event: 3039.819 Loading class java/util/HashMap$EntrySpliterator done

Classes unloaded (8 events):
Event: 30.244 Thread 0x000001eb4c7c4190 Unloading class 0x000001eb011a9000 'java/lang/invoke/LambdaForm$MH+0x000001eb011a9000'
Event: 30.244 Thread 0x000001eb4c7c4190 Unloading class 0x000001eb011a8c00 'java/lang/invoke/LambdaForm$MH+0x000001eb011a8c00'
Event: 30.244 Thread 0x000001eb4c7c4190 Unloading class 0x000001eb011a8800 'java/lang/invoke/LambdaForm$MH+0x000001eb011a8800'
Event: 30.244 Thread 0x000001eb4c7c4190 Unloading class 0x000001eb011a8400 'java/lang/invoke/LambdaForm$MH+0x000001eb011a8400'
Event: 30.244 Thread 0x000001eb4c7c4190 Unloading class 0x000001eb011a8000 'java/lang/invoke/LambdaForm$BMH+0x000001eb011a8000'
Event: 30.244 Thread 0x000001eb4c7c4190 Unloading class 0x000001eb011a7c00 'java/lang/invoke/LambdaForm$DMH+0x000001eb011a7c00'
Event: 30.244 Thread 0x000001eb4c7c4190 Unloading class 0x000001eb011a6800 'java/lang/invoke/LambdaForm$DMH+0x000001eb011a6800'
Event: 1151.043 Thread 0x000001eb4c7c4190 Unloading class 0x000001eb016d4800 'java/lang/invoke/LambdaForm$DMH+0x000001eb016d4800'

Classes redefined (0 events):
No events

Internal exceptions (20 events):
Event: 3038.619 Thread 0x000001eb6a112b70 Exception <a 'java/lang/NoSuchMethodError'{0x00000000d590d0d0}: 'java.lang.Object java.lang.invoke.DirectMethodHandle$Holder.invokeStaticInit(java.lang.Object, java.lang.Object, int)'> (0x00000000d590d0d0) 
thrown [s\src\hotspot\share\interpreter\linkResolver.cpp, line 773]
Event: 3038.680 Thread 0x000001eb6a110aa0 Exception <a 'sun/nio/fs/WindowsException'{0x00000000d564a870}> (0x00000000d564a870) 
thrown [s\src\hotspot\share\prims\jni.cpp, line 520]
Event: 3038.680 Thread 0x000001eb6a110aa0 Exception <a 'sun/nio/fs/WindowsException'{0x00000000d564b308}> (0x00000000d564b308) 
thrown [s\src\hotspot\share\prims\jni.cpp, line 520]
Event: 3038.747 Thread 0x000001eb6a110aa0 Exception <a 'sun/nio/fs/WindowsException'{0x00000000d57806a8}> (0x00000000d57806a8) 
thrown [s\src\hotspot\share\prims\jni.cpp, line 520]
Event: 3038.747 Thread 0x000001eb6a110aa0 Exception <a 'sun/nio/fs/WindowsException'{0x00000000d5781140}> (0x00000000d5781140) 
thrown [s\src\hotspot\share\prims\jni.cpp, line 520]
Event: 3038.847 Thread 0x000001eb6a112b70 Exception <a 'java/lang/NoSuchMethodError'{0x00000000d55c7ef0}: 'void java.lang.invoke.DirectMethodHandle$Holder.invokeStatic(java.lang.Object, java.lang.Object, java.lang.Object, java.lang.Object, java.lang.Object, java.lang.Object, java.lang.Object)'> (0x00000000d55c7ef0) 
thrown [s\src\hotspot\share\interpreter\linkResolver.cpp, line 773]
Event: 3039.079 Thread 0x000001eb6a116d10 Exception <a 'java/lang/NoSuchMethodError'{0x00000000d568d520}: 'void java.lang.invoke.DirectMethodHandle$Holder.invokeStatic(java.lang.Object, java.lang.Object, int)'> (0x00000000d568d520) 
thrown [s\src\hotspot\share\interpreter\linkResolver.cpp, line 773]
Event: 3039.475 Thread 0x000001eb6a115960 Exception <a 'java/lang/NoSuchMethodError'{0x00000000d558aa38}: 'java.lang.Object java.lang.invoke.DirectMethodHandle$Holder.invokeStaticInit(java.lang.Object, java.lang.Object, java.lang.Object, java.lang.Object, java.lang.Object)'> (0x00000000d558aa38) 
thrown [s\src\hotspot\share\interpreter\linkResolver.cpp, line 773]
Event: 3039.476 Thread 0x000001eb6a115960 Exception <a 'java/lang/NoSuchMethodError'{0x00000000d558e600}: 'java.lang.Object java.lang.invoke.Invokers$Holder.invoke_MT(java.lang.Object, java.lang.Object, java.lang.Object, java.lang.Object, java.lang.Object, java.lang.Object)'> (0x00000000d558e600) 
thrown [s\src\hotspot\share\interpreter\linkResolver.cpp, line 773]
Event: 3039.477 Thread 0x000001eb6a115960 Exception <a 'java/lang/NoSuchMethodError'{0x00000000d55a5f08}: 'int java.lang.invoke.DirectMethodHandle$Holder.invokeStaticInit(java.lang.Object, java.lang.Object, java.lang.Object, java.lang.Object, java.lang.Object)'> (0x00000000d55a5f08) 
thrown [s\src\hotspot\share\interpreter\linkResolver.cpp, line 773]
Event: 3039.477 Thread 0x000001eb6a115960 Exception <a 'java/lang/NoSuchMethodError'{0x00000000d55a9a20}: 'int java.lang.invoke.DirectMethodHandle$Holder.invokeStaticInit(java.lang.Object, int)'> (0x00000000d55a9a20) 
thrown [s\src\hotspot\share\interpreter\linkResolver.cpp, line 773]
Event: 3039.478 Thread 0x000001eb6a115960 Exception <a 'java/lang/NoSuchMethodError'{0x00000000d55b0be8}: 'int java.lang.invoke.DirectMethodHandle$Holder.invokeStaticInit(java.lang.Object, java.lang.Object, java.lang.Object, java.lang.Object, java.lang.Object, java.lang.Object)'> (0x00000000d55b0be8) 
thrown [s\src\hotspot\share\interpreter\linkResolver.cpp, line 773]
Event: 3039.479 Thread 0x000001eb6a115960 Implicit null exception at 0x000001eb579d0576 to 0x000001eb579d08ac
Event: 3039.481 Thread 0x000001eb6a115960 Implicit null exception at 0x000001eb57da2375 to 0x000001eb57da2450
Event: 3039.483 Thread 0x000001eb6a115960 Exception <a 'java/lang/NoSuchMethodError'{0x00000000d55f42a8}: 'int java.lang.invoke.DirectMethodHandle$Holder.invokeSpecial(java.lang.Object, java.lang.Object, int)'> (0x00000000d55f42a8) 
thrown [s\src\hotspot\share\interpreter\linkResolver.cpp, line 773]
Event: 3039.483 Thread 0x000001eb6a115960 Exception <a 'java/lang/NoSuchMethodError'{0x00000000d55fbcb0}: 'int java.lang.invoke.Invokers$Holder.linkToTargetMethod(java.lang.Object, int, java.lang.Object)'> (0x00000000d55fbcb0) 
thrown [s\src\hotspot\share\interpreter\linkResolver.cpp, line 773]
Event: 3039.655 Thread 0x000001eb6a112b70 Exception <a 'java/lang/NoSuchMethodError'{0x00000000d56b7318}: 'long java.lang.invoke.DirectMethodHandle$Holder.invokeSpecial(java.lang.Object, java.lang.Object, java.lang.Object, int, int)'> (0x00000000d56b7318) 
thrown [s\src\hotspot\share\interpreter\linkResolver.cpp, line 773]
Event: 3039.655 Thread 0x000001eb6a112b70 Exception <a 'java/lang/NoSuchMethodError'{0x00000000d56c2cd0}: 'java.lang.Object java.lang.invoke.DirectMethodHandle$Holder.invokeSpecial(java.lang.Object, java.lang.Object, java.lang.Object, int, int)'> (0x00000000d56c2cd0) 
thrown [s\src\hotspot\share\interpreter\linkResolver.cpp, line 773]
Event: 3039.656 Thread 0x000001eb6a112b70 Exception <a 'java/lang/NoSuchMethodError'{0x00000000d56c6348}: 'java.lang.Object java.lang.invoke.Invokers$Holder.linkToTargetMethod(java.lang.Object, int, int, java.lang.Object)'> (0x00000000d56c6348) 
thrown [s\src\hotspot\share\interpreter\linkResolver.cpp, line 773]
Event: 3039.694 Thread 0x000001eb6a112b70 Exception <a 'java/lang/NoSuchMethodError'{0x00000000d59d8520}: 'int java.lang.invoke.DirectMethodHandle$Holder.invokeStatic(java.lang.Object, java.lang.Object, int, java.lang.Object)'> (0x00000000d59d8520) 
thrown [s\src\hotspot\share\interpreter\linkResolver.cpp, line 773]

ZGC Phase Switch (0 events):
No events

VM Operations (20 events):
Event: 5231.578 Executing non-safepoint VM operation: RendezvousGCThreads
Event: 5231.578 Executing non-safepoint VM operation: RendezvousGCThreads done
Event: 5291.721 Executing non-safepoint VM operation: HandshakeAllThreads (HandshakeForDeflation)
Event: 5291.721 Executing non-safepoint VM operation: HandshakeAllThreads (HandshakeForDeflation) done
Event: 5291.721 Executing non-safepoint VM operation: RendezvousGCThreads
Event: 5291.721 Executing non-safepoint VM operation: RendezvousGCThreads done
Event: 5351.738 Executing non-safepoint VM operation: HandshakeAllThreads (HandshakeForDeflation)
Event: 5351.738 Executing non-safepoint VM operation: HandshakeAllThreads (HandshakeForDeflation) done
Event: 5351.738 Executing non-safepoint VM operation: RendezvousGCThreads
Event: 5351.738 Executing non-safepoint VM operation: RendezvousGCThreads done
Event: 5411.820 Executing non-safepoint VM operation: HandshakeAllThreads (HandshakeForDeflation)
Event: 5411.820 Executing non-safepoint VM operation: HandshakeAllThreads (HandshakeForDeflation) done
Event: 5411.820 Executing non-safepoint VM operation: RendezvousGCThreads
Event: 5411.820 Executing non-safepoint VM operation: RendezvousGCThreads done
Event: 5471.971 Executing non-safepoint VM operation: HandshakeAllThreads (HandshakeForDeflation)
Event: 5471.971 Executing non-safepoint VM operation: HandshakeAllThreads (HandshakeForDeflation) done
Event: 5471.971 Executing non-safepoint VM operation: RendezvousGCThreads
Event: 5471.971 Executing non-safepoint VM operation: RendezvousGCThreads done
Event: 5490.173 Executing safepoint VM operation: ParallelGCFailedAllocation (Allocation Failure)
Event: 5490.178 Executing safepoint VM operation: ParallelGCFailedAllocation (Allocation Failure) done

Memory protections (0 events):
No events

Nmethod flushes (20 events):
Event: 1174.784 Thread 0x000001eb4c7c4190 flushing  nmethod 0x000001eb51c1b390
Event: 1174.784 Thread 0x000001eb4c7c4190 flushing  nmethod 0x000001eb51c1b810
Event: 1174.784 Thread 0x000001eb4c7c4190 flushing  nmethod 0x000001eb51c1bc90
Event: 1174.784 Thread 0x000001eb4c7c4190 flushing  nmethod 0x000001eb51c1f190
Event: 1174.784 Thread 0x000001eb4c7c4190 flushing  nmethod 0x000001eb51c20490
Event: 1174.784 Thread 0x000001eb4c7c4190 flushing  nmethod 0x000001eb51c23490
Event: 1174.784 Thread 0x000001eb4c7c4190 flushing  nmethod 0x000001eb51c23f10
Event: 1174.784 Thread 0x000001eb4c7c4190 flushing  nmethod 0x000001eb51c24910
Event: 1174.784 Thread 0x000001eb4c7c4190 flushing  nmethod 0x000001eb51c31b10
Event: 1174.784 Thread 0x000001eb4c7c4190 flushing  nmethod 0x000001eb51c34b10
Event: 1174.784 Thread 0x000001eb4c7c4190 flushing  nmethod 0x000001eb51c41a10
Event: 1174.784 Thread 0x000001eb4c7c4190 flushing  nmethod 0x000001eb51c4ab90
Event: 1174.784 Thread 0x000001eb4c7c4190 flushing  nmethod 0x000001eb51c5a590
Event: 1174.784 Thread 0x000001eb4c7c4190 flushing  nmethod 0x000001eb51c62490
Event: 1174.784 Thread 0x000001eb4c7c4190 flushing  nmethod 0x000001eb51c62f10
Event: 1174.784 Thread 0x000001eb4c7c4190 flushing  nmethod 0x000001eb51c6b410
Event: 1174.784 Thread 0x000001eb4c7c4190 flushing  nmethod 0x000001eb51cf4690
Event: 1174.784 Thread 0x000001eb4c7c4190 flushing  nmethod 0x000001eb51cff110
Event: 1174.784 Thread 0x000001eb4c7c4190 flushing  nmethod 0x000001eb51d98410
Event: 1174.784 Thread 0x000001eb4c7c4190 flushing  nmethod 0x000001eb51dd0610

Events (20 events):
Event: 4122.206 Thread 0x000001eb6fc72390 Thread added: 0x000001eb6fc75180
Event: 4122.206 Thread 0x000001eb6fc71670 Thread added: 0x000001eb6fc74af0
Event: 4122.220 Thread 0x000001eb4c8ee550 Thread added: 0x000001eb6e189d80
Event: 4122.223 Thread 0x000001eb4c8ee550 Thread added: 0x000001eb6e188240
Event: 4122.252 Thread 0x000001eb4c8eb7f0 Thread added: 0x000001eb6e18bf90
Event: 4122.712 Thread 0x000001eb6e18bf90 Thread exited: 0x000001eb6e18bf90
Event: 4122.712 Thread 0x000001eb6e188240 Thread exited: 0x000001eb6e188240
Event: 4124.399 Thread 0x000001eb6e189d80 Thread exited: 0x000001eb6e189d80
Event: 4196.874 Thread 0x000001eb6fc72390 Thread exited: 0x000001eb6fc72390
Event: 4207.431 Thread 0x000001eb6cb808b0 Thread exited: 0x000001eb6cb808b0
Event: 4256.890 Thread 0x000001eb6fc71670 Thread exited: 0x000001eb6fc71670
Event: 4316.903 Thread 0x000001eb6fc75180 Thread exited: 0x000001eb6fc75180
Event: 4376.906 Thread 0x000001eb6fc74af0 Thread exited: 0x000001eb6fc74af0
Event: 4507.431 Thread 0x000001eb6cb7ee70 Thread exited: 0x000001eb6cb7ee70
Event: 4807.443 Thread 0x000001eb6cb822f0 Thread exited: 0x000001eb6cb822f0
Event: 5490.122 Thread 0x000001eb6cb82980 Thread added: 0x000001eb6fc74af0
Event: 5490.126 Thread 0x000001eb6fc74af0 Thread added: 0x000001eb6fc71670
Event: 5490.152 Thread 0x000001eb6cb82980 Thread added: 0x000001eb6fc75180
Event: 5490.281 Thread 0x000001eb4c8ee550 Thread added: 0x000001eb6e188240
Event: 5490.282 Thread 0x000001eb4c8ee550 Thread added: 0x000001eb6e18bf90


Dynamic libraries:
0x00007ff6b2ce0000 - 0x00007ff6b2cee000 	c:\Users\Dell\.vscode\extensions\redhat.java-1.55.0-win32-x64\jre\21.0.11-win32-x86_64\bin\java.exe
0x00007ff820f40000 - 0x00007ff8211a7000 	C:\WINDOWS\SYSTEM32\ntdll.dll
0x00007ff8204f0000 - 0x00007ff8205b9000 	C:\WINDOWS\System32\KERNEL32.DLL
0x00007ff81e770000 - 0x00007ff81eb5f000 	C:\WINDOWS\System32\KERNELBASE.dll
0x00007ff81e620000 - 0x00007ff81e76b000 	C:\WINDOWS\System32\ucrtbase.dll
0x00007ff80c520000 - 0x00007ff80c538000 	c:\Users\Dell\.vscode\extensions\redhat.java-1.55.0-win32-x64\jre\21.0.11-win32-x86_64\bin\jli.dll
0x00007ff81f1a0000 - 0x00007ff81f365000 	C:\WINDOWS\System32\USER32.dll
0x00007ff81e400000 - 0x00007ff81e427000 	C:\WINDOWS\System32\win32u.dll
0x00007ff820bc0000 - 0x00007ff820beb000 	C:\WINDOWS\System32\GDI32.dll
0x00007ff81e4f0000 - 0x00007ff81e61c000 	C:\WINDOWS\System32\gdi32full.dll
0x00007ff81e210000 - 0x00007ff81e2b3000 	C:\WINDOWS\System32\msvcp_win.dll
0x00007fffef0f0000 - 0x00007fffef10e000 	c:\Users\Dell\.vscode\extensions\redhat.java-1.55.0-win32-x64\jre\21.0.11-win32-x86_64\bin\VCRUNTIME140.dll
0x00007ffffc180000 - 0x00007ffffc413000 	C:\WINDOWS\WinSxS\amd64_microsoft.windows.common-controls_6595b64144ccf1df_6.0.26100.7309_none_3e05feeae336a044\COMCTL32.dll
0x00007ff820810000 - 0x00007ff8208b9000 	C:\WINDOWS\System32\msvcrt.dll
0x00007ff820740000 - 0x00007ff820771000 	C:\WINDOWS\System32\IMM32.DLL
0x00007fffdc3d0000 - 0x00007fffdc3dc000 	c:\Users\Dell\.vscode\extensions\redhat.java-1.55.0-win32-x64\jre\21.0.11-win32-x86_64\bin\vcruntime140_1.dll
0x00007fffc9060000 - 0x00007fffc90ed000 	c:\Users\Dell\.vscode\extensions\redhat.java-1.55.0-win32-x64\jre\21.0.11-win32-x86_64\bin\msvcp140.dll
0x00007fff645f0000 - 0x00007fff65392000 	c:\Users\Dell\.vscode\extensions\redhat.java-1.55.0-win32-x64\jre\21.0.11-win32-x86_64\bin\server\jvm.dll
0x00007ff820a80000 - 0x00007ff820b34000 	C:\WINDOWS\System32\ADVAPI32.dll
0x00007ff820d10000 - 0x00007ff820db6000 	C:\WINDOWS\System32\sechost.dll
0x00007ff820bf0000 - 0x00007ff820d08000 	C:\WINDOWS\System32\RPCRT4.dll
0x00007ff820780000 - 0x00007ff8207f4000 	C:\WINDOWS\System32\WS2_32.dll
0x00007ff81def0000 - 0x00007ff81df4e000 	C:\WINDOWS\SYSTEM32\POWRPROF.dll
0x00007ff81b920000 - 0x00007ff81b955000 	C:\WINDOWS\SYSTEM32\WINMM.dll
0x00007ff814660000 - 0x00007ff81466b000 	C:\WINDOWS\SYSTEM32\VERSION.dll
0x00007ff81ded0000 - 0x00007ff81dee4000 	C:\WINDOWS\SYSTEM32\UMPDC.dll
0x00007ff81ce40000 - 0x00007ff81ce5b000 	C:\WINDOWS\SYSTEM32\kernel.appcore.dll
0x00007fffd66b0000 - 0x00007fffd66ba000 	c:\Users\Dell\.vscode\extensions\redhat.java-1.55.0-win32-x64\jre\21.0.11-win32-x86_64\bin\jimage.dll
0x00007ff81b350000 - 0x00007ff81b592000 	C:\WINDOWS\SYSTEM32\DBGHELP.DLL
0x00007ff81ece0000 - 0x00007ff81f066000 	C:\WINDOWS\System32\combase.dll
0x00007ff81ff70000 - 0x00007ff820046000 	C:\WINDOWS\System32\OLEAUT32.dll
0x00007ff81b8e0000 - 0x00007ff81b91c000 	C:\WINDOWS\SYSTEM32\dbgcore.DLL
0x00007ff81e2c0000 - 0x00007ff81e365000 	C:\WINDOWS\System32\bcryptPrimitives.dll
0x00007fffd3110000 - 0x00007fffd311f000 	c:\Users\Dell\.vscode\extensions\redhat.java-1.55.0-win32-x64\jre\21.0.11-win32-x86_64\bin\instrument.dll
0x00007fffd0180000 - 0x00007fffd01a0000 	c:\Users\Dell\.vscode\extensions\redhat.java-1.55.0-win32-x64\jre\21.0.11-win32-x86_64\bin\java.dll
0x00007ff81f810000 - 0x00007ff81ff63000 	C:\WINDOWS\System32\SHELL32.dll
0x00007ff81eb70000 - 0x00007ff81ecda000 	C:\WINDOWS\System32\wintypes.dll
0x00007ff81bc20000 - 0x00007ff81c47e000 	C:\WINDOWS\SYSTEM32\windows.storage.dll
0x00007ff81f0a0000 - 0x00007ff81f194000 	C:\WINDOWS\System32\SHCORE.dll
0x00007ff820b50000 - 0x00007ff820bb6000 	C:\WINDOWS\System32\shlwapi.dll
0x00007ff81dfb0000 - 0x00007ff81dfd9000 	C:\WINDOWS\SYSTEM32\profapi.dll
0x00007fffd0160000 - 0x00007fffd0178000 	c:\Users\Dell\.vscode\extensions\redhat.java-1.55.0-win32-x64\jre\21.0.11-win32-x86_64\bin\zip.dll
0x00007fffd2fb0000 - 0x00007fffd2fc0000 	C:\Users\Dell\.vscode\extensions\redhat.java-1.55.0-win32-x64\jre\21.0.11-win32-x86_64\bin\net.dll
0x00007ff816a90000 - 0x00007ff816bb8000 	C:\WINDOWS\SYSTEM32\WINHTTP.dll
0x00007ff81d3b0000 - 0x00007ff81d41b000 	C:\WINDOWS\system32\mswsock.dll
0x00007fffc9040000 - 0x00007fffc9056000 	C:\Users\Dell\.vscode\extensions\redhat.java-1.55.0-win32-x64\jre\21.0.11-win32-x86_64\bin\nio.dll
0x00007fffce310000 - 0x00007fffce320000 	c:\Users\Dell\.vscode\extensions\redhat.java-1.55.0-win32-x64\jre\21.0.11-win32-x86_64\bin\verify.dll
0x00007fffeed60000 - 0x00007fffeeda5000 	C:\Users\Dell\AppData\Roaming\Code\User\globalStorage\redhat.java\1.55.0\config_win\org.eclipse.equinox.launcher\org.eclipse.equinox.launcher.win32.win32.x86_64_1.3.100.v20260613-0559\eclipse_11924.dll
0x00007ff8208c0000 - 0x00007ff820a57000 	C:\WINDOWS\System32\ole32.dll
0x00007ff81d670000 - 0x00007ff81d68b000 	C:\WINDOWS\SYSTEM32\CRYPTSP.dll
0x00007ff81cda0000 - 0x00007ff81cdda000 	C:\WINDOWS\system32\rsaenh.dll
0x00007ff81d460000 - 0x00007ff81d48b000 	C:\WINDOWS\SYSTEM32\USERENV.dll
0x00007ff81df80000 - 0x00007ff81dfaa000 	C:\WINDOWS\SYSTEM32\bcrypt.dll
0x00007ff81d690000 - 0x00007ff81d69c000 	C:\WINDOWS\SYSTEM32\CRYPTBASE.dll
0x00007ff81c7d0000 - 0x00007ff81c804000 	C:\WINDOWS\SYSTEM32\IPHLPAPI.DLL
0x00007ff8202c0000 - 0x00007ff8202ca000 	C:\WINDOWS\System32\NSI.dll
0x00007fffdc430000 - 0x00007fffdc479000 	C:\Users\Dell\AppData\Local\Temp\jna-2126305\jna16297368297890363939.dll
0x00007ff820b40000 - 0x00007ff820b48000 	C:\WINDOWS\System32\PSAPI.DLL
0x00007ff816a10000 - 0x00007ff816a2e000 	C:\WINDOWS\SYSTEM32\dhcpcsvc6.DLL
0x00007ff816760000 - 0x00007ff816783000 	C:\WINDOWS\SYSTEM32\dhcpcsvc.DLL
0x00007fffe6b80000 - 0x00007fffe6b8e000 	C:\Users\Dell\.vscode\extensions\redhat.java-1.55.0-win32-x64\jre\21.0.11-win32-x86_64\bin\sunmscapi.dll
0x00007ff81e090000 - 0x00007ff81e207000 	C:\WINDOWS\System32\CRYPT32.dll
0x00007ff81d890000 - 0x00007ff81d8c0000 	C:\WINDOWS\SYSTEM32\ncrypt.dll
0x00007ff81d840000 - 0x00007ff81d87f000 	C:\WINDOWS\SYSTEM32\NTASN1.dll
0x00007ff807cd0000 - 0x00007ff807cd8000 	C:\WINDOWS\system32\wshunix.dll
0x00007fffe8b10000 - 0x00007fffe8b19000 	C:\Users\Dell\.vscode\extensions\redhat.java-1.55.0-win32-x64\jre\21.0.11-win32-x86_64\bin\extnet.dll
0x00007ff81c8c0000 - 0x00007ff81c9ec000 	C:\WINDOWS\SYSTEM32\DNSAPI.dll
0x00007ff816750000 - 0x00007ff81675b000 	C:\Windows\System32\rasadhlp.dll
0x00007ff817230000 - 0x00007ff8172b6000 	C:\WINDOWS\System32\fwpuclnt.dll

JVMTI agents:
c:\Users\Dell\.vscode\extensions\redhat.java-1.55.0-win32-x64\lombok\lombok-1.18.39-4050.jar path:c:\Users\Dell\.vscode\extensions\redhat.java-1.55.0-win32-x64\jre\21.0.11-win32-x86_64\bin\instrument.dll, loaded, initialized, instrumentlib options:none

dbghelp: loaded successfully - version: 4.0.5 - missing functions: none
symbol engine: initialized successfully - sym options: 0x614 - pdb path: .;c:\Users\Dell\.vscode\extensions\redhat.java-1.55.0-win32-x64\jre\21.0.11-win32-x86_64\bin;C:\WINDOWS\SYSTEM32;C:\WINDOWS\WinSxS\amd64_microsoft.windows.common-controls_6595b64144ccf1df_6.0.26100.7309_none_3e05feeae336a044;c:\Users\Dell\.vscode\extensions\redhat.java-1.55.0-win32-x64\jre\21.0.11-win32-x86_64\bin\server;C:\Users\Dell\AppData\Roaming\Code\User\globalStorage\redhat.java\1.55.0\config_win\org.eclipse.equinox.launcher\org.eclipse.equinox.launcher.win32.win32.x86_64_1.3.100.v20260613-0559;C:\Users\Dell\AppData\Local\Temp\jna-2126305

VM Arguments:
jvm_args: --add-modules=ALL-SYSTEM --add-opens=java.base/java.util=ALL-UNNAMED --add-opens=java.base/java.lang=ALL-UNNAMED --add-opens=java.base/sun.nio.fs=ALL-UNNAMED -Declipse.application=org.eclipse.jdt.ls.core.id1 -Dosgi.bundles.defaultStartLevel=4 -Declipse.product=org.eclipse.jdt.ls.core.product -Djava.import.generatesMetadataFilesAtProjectRoot=false -DDetectVMInstallationsJob.disabled=true -Dfile.encoding=utf8 -XX:+UseParallelGC -XX:GCTimeRatio=4 -XX:AdaptiveSizePolicyWeight=90 -Dsun.zip.disableMemoryMapping=true -Xmx2G -Xms100m -Xlog:disable -javaagent:c:\Users\Dell\.vscode\extensions\redhat.java-1.55.0-win32-x64\lombok\lombok-1.18.39-4050.jar -XX:+HeapDumpOnOutOfMemoryError -XX:HeapDumpPath=c:\Users\Dell\AppData\Roaming\Code\User\workspaceStorage\28a91fd3fe968c159383c64ab61462b2\redhat.java -Daether.dependencyCollector.impl=bf 
java_command: c:\Users\Dell\.vscode\extensions\redhat.java-1.55.0-win32-x64\server\plugins\org.eclipse.equinox.launcher_1.7.200.v20260619-2039.jar -configuration c:\Users\Dell\AppData\Roaming\Code\User\globalStorage\redhat.java\1.55.0\config_win -data c:\Users\Dell\AppData\Roaming\Code\User\workspaceStorage\28a91fd3fe968c159383c64ab61462b2\redhat.java\jdt_ws --pipe=\\.\pipe\lsp-31fe666e6247b90f4f9e4c1294067929-sock
java_class_path (initial): c:\Users\Dell\.vscode\extensions\redhat.java-1.55.0-win32-x64\server\plugins\org.eclipse.equinox.launcher_1.7.200.v20260619-2039.jar
Launcher Type: SUN_STANDARD

[Global flags]
    uintx AdaptiveSizePolicyWeight                 = 90                                        {product} {command line}
     intx CICompilerCount                          = 12                                        {product} {ergonomic}
    uintx GCTimeRatio                              = 4                                         {product} {command line}
     bool HeapDumpOnOutOfMemoryError               = true                                   {manageable} {command line}
    ccstr HeapDumpPath                             = c:\Users\Dell\AppData\Roaming\Code\User\workspaceStorage\28a91fd3fe968c159383c64ab61462b2\redhat.java         {manageable} {command line}
   size_t InitialHeapSize                          = 104857600                                 {product} {command line}
   size_t MaxHeapSize                              = 2147483648                                {product} {command line}
   size_t MaxNewSize                               = 715653120                                 {product} {ergonomic}
   size_t MinHeapDeltaBytes                        = 524288                                    {product} {ergonomic}
   size_t MinHeapSize                              = 104857600                                 {product} {command line}
   size_t NewSize                                  = 34603008                                  {product} {ergonomic}
    uintx NonNMethodCodeHeapSize                   = 7602480                                {pd product} {ergonomic}
    uintx NonProfiledCodeHeapSize                  = 122027880                              {pd product} {ergonomic}
   size_t OldSize                                  = 70254592                                  {product} {ergonomic}
    uintx ProfiledCodeHeapSize                     = 122027880                              {pd product} {ergonomic}
    uintx ReservedCodeCacheSize                    = 251658240                              {pd product} {ergonomic}
     bool SegmentedCodeCache                       = true                                      {product} {ergonomic}
   size_t SoftMaxHeapSize                          = 2147483648                             {manageable} {ergonomic}
     bool UseCompressedOops                        = true                           {product lp64_product} {ergonomic}
     bool UseLargePagesIndividualAllocation        = false                                  {pd product} {ergonomic}
     bool UseParallelGC                            = true                                      {product} {command line}

Logging:
Log output configuration:
 #0: stdout all=off uptime,level,tags foldmultilines=false
 #1: stderr all=off uptime,level,tags foldmultilines=false

Release file:
JAVA_VERSION="21.0.11" 
MODULES="java.base java.compiler java.datatransfer java.xml java.prefs java.desktop java.instrument java.logging java.management java.security.sasl java.naming java.rmi java.management.rmi java.net.http java.scripting java.security.jgss java.transaction.xa java.sql java.sql.rowset java.xml.crypto java.se java.smartcardio jdk.accessibility jdk.internal.jvmstat jdk.attach jdk.charsets jdk.internal.opt jdk.zipfs jdk.compiler jdk.crypto.ec jdk.crypto.cryptoki jdk.crypto.mscapi jdk.dynalink jdk.internal.ed jdk.editpad jdk.hotspot.agent jdk.httpserver jdk.internal.le jdk.internal.vm.ci jdk.internal.vm.compiler jdk.internal.vm.compiler.management jdk.jartool jdk.javadoc jdk.jcmd jdk.management jdk.management.agent jdk.jconsole jdk.jdeps jdk.jdwp.agent jdk.jdi jdk.jfr jdk.jshell jdk.jsobject jdk.jstatd jdk.localedata jdk.management.jfr jdk.naming.dns jdk.naming.rmi jdk.net jdk.nio.mapmode jdk.random jdk.sctp jdk.security.auth jdk.security.jgss jdk.unsupported jdk.unsupported.desktop jdk.xml.dom" 

Environment Variables:
PATH=C:\app\Dell\product\21c\dbhomeXE\bin;C:\WINDOWS\system32;C:\WINDOWS;C:\WINDOWS\System32\Wbem;C:\WINDOWS\System32\WindowsPowerShell\v1.0\;C:\WINDOWS\System32\OpenSSH\;C:\Program Files\dotnet\;C:\Program Files\MySQL\MySQL Server 8.0\bin;C:\Program Files\Graphviz\bin;C:\Program Files\nodejs;C:\Users\Dell\Downloads\msys2-x86_64-20250622.exe;C:\MinGW\bin;C:\ProgramData\chocolatey\bin;C:\ProgramData\Microsoft\Windows\Start Menu\Programs;C:\Users\Dell\Downloads\node-v24.13.1-x64.msi;C:\Users\Dell\Downloads\node-v20.20.0-x64.msi;C:\Program Files\nodejs;C:\Program Files\nodejs\;C:\Program Files\PowerShell\7\;C:\Users\Dell\Downloads\apache-maven-3.9.16-bin\apache-maven-3.9.16\bin;C:\Program Files\Git\cmd;C:\Program Files\PostgreSQL\18\bin;C:\Users\Dell\AppData\Local\Programs\Eclipse Adoptium\jdk-21.0.11.10-hotspot\bin;C:\Users\Dell\AppData\Local\Programs\Eclipse Adoptium\jdk-21.0.11.10-hotspot\bin;C:\Program Files\MySQL\MySQL Shell 8.0\bin\;C:\Users\Dell\AppData\Local\Programs\Python\Python313\Scripts\;C:\Users\Dell\AppData\Local\Programs\Python\Python313\;C:\Users\Dell\AppData\Local\Programs\Python\Python312\Scripts\;C:\Users\Dell\AppData\Local\Programs\Python\Python312\;C:\Users\Dell\AppData\Local\Microsoft\WindowsApps;C:\Users\Dell\AppData\Local\Programs\Microsoft VS Code\bin;C:\Users\Dell\AppData\Local\GitHubDesktop\bin;C:\Program Files\JetBrains\PyCharm Community Edition 2024.3.4\bin;;C:\Users\Dell\Downloads\msys2-x86_64-20250622.exe;C:\Users\Dell\AppData\Roaming\npm
USERNAME=Dell
OS=Windows_NT
PROCESSOR_IDENTIFIER=Intel64 Family 6 Model 186 Stepping 2, GenuineIntel
TMP=C:\Users\Dell\AppData\Local\Temp
TEMP=C:\Users\Dell\AppData\Local\Temp




Periodic native trim disabled

---------------  S Y S T E M  ---------------

OS:
 Windows 11 , 64 bit Build 26100 (10.0.26100.7309)
OS uptime: 0 days 3:38 hours
Hyper-V role detected

CPU: total 16 (initial active 16) (8 cores per cpu, 2 threads per core) family 6 model 186 stepping 2 microcode 0x6134, cx8, cmov, fxsr, ht, mmx, 3dnowpref, sse, sse2, sse3, ssse3, sse4.1, sse4.2, popcnt, lzcnt, tsc, tscinvbit, avx, avx2, aes, erms, clmul, bmi1, bmi2, adx, sha, fma, vzeroupper, clflush, clflushopt, clwb, hv, serialize, rdtscp, rdpid, fsrm, f16c, cet_ibt, cet_ss
Processor Information for processor 0
  Max Mhz: 1900, Current Mhz: 1900, Mhz Limit: 1900
Processor Information for processor 1
  Max Mhz: 1900, Current Mhz: 1900, Mhz Limit: 1900
Processor Information for processor 2
  Max Mhz: 1900, Current Mhz: 1900, Mhz Limit: 1900
Processor Information for processor 3
  Max Mhz: 1900, Current Mhz: 1900, Mhz Limit: 1900
Processor Information for processor 4
  Max Mhz: 1900, Current Mhz: 1900, Mhz Limit: 1900
Processor Information for processor 5
  Max Mhz: 1900, Current Mhz: 1900, Mhz Limit: 1900
Processor Information for processor 6
  Max Mhz: 1900, Current Mhz: 1504, Mhz Limit: 1900
Processor Information for processor 7
  Max Mhz: 1900, Current Mhz: 1900, Mhz Limit: 1900
Processor Information for processor 8
  Max Mhz: 1900, Current Mhz: 1492, Mhz Limit: 1900
Processor Information for processor 9
  Max Mhz: 1900, Current Mhz: 1900, Mhz Limit: 1900
Processor Information for processor 10
  Max Mhz: 1900, Current Mhz: 1492, Mhz Limit: 1900
Processor Information for processor 11
  Max Mhz: 1900, Current Mhz: 1492, Mhz Limit: 1900
Processor Information for processor 12
  Max Mhz: 1900, Current Mhz: 1900, Mhz Limit: 1900
Processor Information for processor 13
  Max Mhz: 1900, Current Mhz: 1492, Mhz Limit: 1900
Processor Information for processor 14
  Max Mhz: 1900, Current Mhz: 1492, Mhz Limit: 1900
Processor Information for processor 15
  Max Mhz: 1900, Current Mhz: 1492, Mhz Limit: 1900

Memory: 4k page, system-wide physical 16068M (2464M free)
TotalPageFile size 22068M (AvailPageFile size 2M)
current process WorkingSet (physical memory assigned to process): 274M, peak: 1175M
current process commit charge ("private bytes"): 1441M, peak: 1446M

vm_info: OpenJDK 64-Bit Server VM (21.0.11+10-LTS) for windows-amd64 JRE (21.0.11+10-LTS), built on 2026-04-21T00:00:00Z by "admin" with MS VC++ 17.12 (VS2022)

END.
