#
# There is insufficient memory for the Java Runtime Environment to continue.
# Native memory allocation (malloc) failed to allocate 1731856 bytes. Error detail: Chunk::new
# Possible reasons:
#   The system is out of physical RAM or swap space
#   This process is running with CompressedOops enabled, and the Java Heap may be blocking the growth of the native heap
# Possible solutions:
#   Reduce memory load on the system
#   Increase physical memory or swap space
#   Check if swap backing store is full
#   Decrease Java heap size (-Xmx/-Xms)
#   Decrease number of Java threads
#   Decrease Java thread stack sizes (-Xss)
#   Set larger code cache with -XX:ReservedCodeCacheSize=
#   JVM is running with Unscaled Compressed Oops mode in which the Java heap is
#     placed in the first 4GB address space. The Java Heap base address is the
#     maximum limit for the native heap growth. Please use -XX:HeapBaseMinAddress
#     to set the Java Heap base and to place the Java Heap above 4GB virtual address.
# This output file may be truncated or incomplete.
#
#  Out of Memory Error (arena.cpp:168), pid=12456, tid=28480
#
# JRE version: OpenJDK Runtime Environment Temurin-21.0.11+10 (21.0.11+10) (build 21.0.11+10-LTS)
# Java VM: OpenJDK 64-Bit Server VM Temurin-21.0.11+10 (21.0.11+10-LTS, mixed mode, sharing, tiered, compressed oops, compressed class ptrs, parallel gc, windows-amd64)
# No core dump will be written. Minidumps are not enabled by default on client versions of Windows
#

---------------  S U M M A R Y ------------

Command Line: --add-modules=ALL-SYSTEM --add-opens=java.base/java.util=ALL-UNNAMED --add-opens=java.base/java.lang=ALL-UNNAMED --add-opens=java.base/sun.nio.fs=ALL-UNNAMED -Declipse.application=org.eclipse.jdt.ls.core.id1 -Dosgi.bundles.defaultStartLevel=4 -Declipse.product=org.eclipse.jdt.ls.core.product -Djava.import.generatesMetadataFilesAtProjectRoot=false -DDetectVMInstallationsJob.disabled=true -Dfile.encoding=utf8 -XX:+UseParallelGC -XX:GCTimeRatio=4 -XX:AdaptiveSizePolicyWeight=90 -Dsun.zip.disableMemoryMapping=true -Xmx2G -Xms100m -Xlog:disable -javaagent:c:\Users\Dell\.vscode\extensions\redhat.java-1.55.0-win32-x64\lombok\lombok-1.18.39-4050.jar c:\Users\Dell\.vscode\extensions\redhat.java-1.55.0-win32-x64\server\plugins\org.eclipse.equinox.launcher_1.7.200.v20260619-2039.jar -configuration c:\Users\Dell\AppData\Roaming\Code\User\globalStorage\redhat.java\1.55.0\config_ss_win -data c:\Users\Dell\AppData\Roaming\Code\User\workspaceStorage\28a91fd3fe968c159383c64ab61462b2\redhat.java\ss_ws --pipe=\\.\pipe\lsp-5405b42a9ed77817b4c98a783c272972-sock

Host: 13th Gen Intel(R) Core(TM) i5-1340P, 16 cores, 15G,  Windows 11 , 64 bit Build 26100 (10.0.26100.7309)
Time: Tue Aug 11 12:41:23 2026 India Standard Time elapsed time: 7.890617 seconds (0d 0h 0m 7s)

---------------  T H R E A D  ---------------

Current thread (0x000002c363605aa0):  JavaThread "C2 CompilerThread0" daemon [_thread_in_native, id=28480, stack(0x000000e217f00000,0x000000e218000000) (1024K)]


Current CompileTask:
C2:7890 2890       4       org.lombokweb.asm.ClassReader::readMethod (1070 bytes)

Stack: [0x000000e217f00000,0x000000e218000000]
Native frames: (J=compiled Java code, j=interpreted, Vv=VM code, C=native code)
V  [jvm.dll+0x6d7e19]
V  [jvm.dll+0x8b5096]
V  [jvm.dll+0x8b764e]
V  [jvm.dll+0x8b7d33]
V  [jvm.dll+0x284596]
V  [jvm.dll+0xc685d]
V  [jvm.dll+0xc6da1]
V  [jvm.dll+0x3bed31]
V  [jvm.dll+0x1e4149]
V  [jvm.dll+0x24c853]
V  [jvm.dll+0x24bce0]
V  [jvm.dll+0x1cb4ae]
V  [jvm.dll+0x25baad]
V  [jvm.dll+0x25a03a]
V  [jvm.dll+0x3f868e]
V  [jvm.dll+0x85fb0d]
V  [jvm.dll+0x6d664d]
C  [ucrtbase.dll+0x37b0]
C  [KERNEL32.DLL+0x2e8d7]
C  [ntdll.dll+0x8c53c]


---------------  P R O C E S S  ---------------

Threads class SMR info:
_java_thread_list=0x000002c363643d60, length=25, elements={
0x000002c34b78f120, 0x000002c34b830390, 0x000002c34b833420, 0x000002c34b8377c0,
0x000002c34b8359b0, 0x000002c34b8396e0, 0x000002c34b849f30, 0x000002c363605aa0,
0x000002c363606b50, 0x000002c3636ff450, 0x000002c3637b6e20, 0x000002c36388f7e0,
0x000002c36387e220, 0x000002c3637b6790, 0x000002c3637b81d0, 0x000002c3637b74b0,
0x000002c3637b7b40, 0x000002c3637b8ef0, 0x000002c3637b9580, 0x000002c36900a0b0,
0x000002c3637b6100, 0x000002c36938a060, 0x000002c3693899d0, 0x000002c36938ce50,
0x000002c369faad80
}

Java Threads: ( => current thread )
  0x000002c34b78f120 JavaThread "main"                              [_thread_blocked, id=8216, stack(0x000000e217500000,0x000000e217600000) (1024K)]
  0x000002c34b830390 JavaThread "Reference Handler"          daemon [_thread_blocked, id=13088, stack(0x000000e217900000,0x000000e217a00000) (1024K)]
  0x000002c34b833420 JavaThread "Finalizer"                  daemon [_thread_blocked, id=15304, stack(0x000000e217a00000,0x000000e217b00000) (1024K)]
  0x000002c34b8377c0 JavaThread "Signal Dispatcher"          daemon [_thread_blocked, id=25840, stack(0x000000e217b00000,0x000000e217c00000) (1024K)]
  0x000002c34b8359b0 JavaThread "Attach Listener"            daemon [_thread_blocked, id=29484, stack(0x000000e217c00000,0x000000e217d00000) (1024K)]
  0x000002c34b8396e0 JavaThread "Service Thread"             daemon [_thread_blocked, id=22960, stack(0x000000e217d00000,0x000000e217e00000) (1024K)]
  0x000002c34b849f30 JavaThread "Monitor Deflation Thread"   daemon [_thread_blocked, id=16768, stack(0x000000e217e00000,0x000000e217f00000) (1024K)]
=>0x000002c363605aa0 JavaThread "C2 CompilerThread0"         daemon [_thread_in_native, id=28480, stack(0x000000e217f00000,0x000000e218000000) (1024K)]
  0x000002c363606b50 JavaThread "C1 CompilerThread0"         daemon [_thread_blocked, id=16952, stack(0x000000e218000000,0x000000e218100000) (1024K)]
  0x000002c3636ff450 JavaThread "C1 CompilerThread1"         daemon [_thread_blocked, id=18004, stack(0x000000e218100000,0x000000e218200000) (1024K)]
  0x000002c3637b6e20 JavaThread "Common-Cleaner"             daemon [_thread_blocked, id=24860, stack(0x000000e218200000,0x000000e218300000) (1024K)]
  0x000002c36388f7e0 JavaThread "C1 CompilerThread2"         daemon [_thread_in_native, id=18088, stack(0x000000e218300000,0x000000e218400000) (1024K)]
  0x000002c36387e220 JavaThread "C1 CompilerThread3"         daemon [_thread_blocked, id=28648, stack(0x000000e218400000,0x000000e218500000) (1024K)]
  0x000002c3637b6790 JavaThread "Notification Thread"        daemon [_thread_blocked, id=13048, stack(0x000000e218600000,0x000000e218700000) (1024K)]
  0x000002c3637b81d0 JavaThread "Active Thread: Equinox Container: e2cb9f1c-5de8-4e4c-8463-48561678e99d"        [_thread_blocked, id=28816, stack(0x000000e218e00000,0x000000e218f00000) (1024K)]
  0x000002c3637b74b0 JavaThread "Framework Event Dispatcher: Equinox Container: e2cb9f1c-5de8-4e4c-8463-48561678e99d" daemon [_thread_blocked, id=8708, stack(0x000000e218f00000,0x000000e219000000) (1024K)]
  0x000002c3637b7b40 JavaThread "Start Level: Equinox Container: e2cb9f1c-5de8-4e4c-8463-48561678e99d" daemon [_thread_in_vm, id=11896, stack(0x000000e219000000,0x000000e219100000) (1024K)]
  0x000002c3637b8ef0 JavaThread "SCR Component Actor"        daemon [_thread_blocked, id=5348, stack(0x000000e219100000,0x000000e219200000) (1024K)]
  0x000002c3637b9580 JavaThread "Worker-JM"                         [_thread_blocked, id=16144, stack(0x000000e218d00000,0x000000e218e00000) (1024K)]
  0x000002c36900a0b0 JavaThread "C2 CompilerThread1"         daemon [_thread_in_native, id=8300, stack(0x000000e219400000,0x000000e219500000) (1024K)]
  0x000002c3637b6100 JavaThread "JNA Cleaner"                daemon [_thread_blocked, id=12784, stack(0x000000e219500000,0x000000e219600000) (1024K)]
  0x000002c36938a060 JavaThread "Worker-0"                          [_thread_blocked, id=25888, stack(0x000000e219600000,0x000000e219700000) (1024K)]
  0x000002c3693899d0 JavaThread "Worker-1"                          [_thread_blocked, id=22752, stack(0x000000e219700000,0x000000e219800000) (1024K)]
  0x000002c36938ce50 JavaThread "Worker-2"                          [_thread_blocked, id=24964, stack(0x000000e219b00000,0x000000e219c00000) (1024K)]
  0x000002c369faad80 JavaThread "C2 CompilerThread2"         daemon [_thread_in_native, id=11296, stack(0x000000e219c00000,0x000000e219d00000) (1024K)]
Total: 25

Other Threads:
  0x000002c34b82fa60 VMThread "VM Thread"                           [id=24140, stack(0x000000e217800000,0x000000e217900000) (1024K)]
  0x000002c36211ca00 WatcherThread "VM Periodic Task Thread"        [id=6400, stack(0x000000e217700000,0x000000e217800000) (1024K)]
  0x000002c34b7ada50 WorkerThread "GC Thread#0"                     [id=16424, stack(0x000000e217600000,0x000000e217700000) (1024K)]
  0x000002c3699bd350 WorkerThread "GC Thread#1"                     [id=15904, stack(0x000000e218700000,0x000000e218800000) (1024K)]
  0x000002c369832820 WorkerThread "GC Thread#2"                     [id=23200, stack(0x000000e218800000,0x000000e218900000) (1024K)]
  0x000002c36902c520 WorkerThread "GC Thread#3"                     [id=25876, stack(0x000000e218900000,0x000000e218a00000) (1024K)]
  0x000002c36902d0e0 WorkerThread "GC Thread#4"                     [id=26924, stack(0x000000e218a00000,0x000000e218b00000) (1024K)]
  0x000002c369835060 WorkerThread "GC Thread#5"                     [id=22244, stack(0x000000e218b00000,0x000000e218c00000) (1024K)]
  0x000002c369515b40 WorkerThread "GC Thread#6"                     [id=13360, stack(0x000000e218c00000,0x000000e218d00000) (1024K)]
  0x000002c3698b1a80 WorkerThread "GC Thread#7"                     [id=15692, stack(0x000000e218500000,0x000000e218600000) (1024K)]
  0x000002c3698a4300 WorkerThread "GC Thread#8"                     [id=21388, stack(0x000000e219200000,0x000000e219300000) (1024K)]
  0x000002c369a641d0 WorkerThread "GC Thread#9"                     [id=8388, stack(0x000000e219300000,0x000000e219400000) (1024K)]
  0x000002c363923a80 WorkerThread "GC Thread#10"                    [id=24560, stack(0x000000e219800000,0x000000e219900000) (1024K)]
  0x000002c36997ff10 WorkerThread "GC Thread#11"                    [id=22852, stack(0x000000e219900000,0x000000e219a00000) (1024K)]
  0x000002c369f2ff60 WorkerThread "GC Thread#12"                    [id=1800, stack(0x000000e219a00000,0x000000e219b00000) (1024K)]
Total: 15

Threads with active compile tasks:
C2 CompilerThread0  7949 2890       4       org.lombokweb.asm.ClassReader::readMethod (1070 bytes)
C2 CompilerThread1  7949 3166       4       java.util.zip.ZipFile::getZipEntry (322 bytes)
C2 CompilerThread2  7949 3169       4       java.util.zip.ZipCoder$UTF8ZipCoder::toString (12 bytes)
Total: 3

VM state: not at safepoint (normal execution)

VM Mutex/Monitor currently owned by a thread: None

Heap address: 0x0000000080000000, size: 2048 MB, Compressed Oops mode: 32-bit

CDS archive(s) mapped at: [0x000002c300000000-0x000002c300ba0000-0x000002c300ba0000), size 12189696, SharedBaseAddress: 0x000002c300000000, ArchiveRelocationMode: 1.
Compressed class space mapped at: 0x000002c301000000-0x000002c341000000, reserved size: 1073741824
Narrow klass base: 0x000002c300000000, Narrow klass shift: 0, Narrow klass range: 0x100000000

GC Precious Log:
 CardTable entry size: 512
 CPUs: 16 total, 16 available
 Memory: 16068M
 Large Page Support: Disabled
 NUMA Support: Disabled
 Compressed Oops: Enabled (32-bit)
 Alignments: Space 512K, Generation 512K, Heap 2M
 Heap Min Capacity: 100M
 Heap Initial Capacity: 100M
 Heap Max Capacity: 2G
 Pre-touch: Disabled
 Parallel Workers: 13

Heap:
 PSYoungGen      total 27136K, used 11971K [0x00000000d5580000, 0x00000000d7380000, 0x0000000100000000)
  eden space 24576K, 39% used [0x00000000d5580000,0x00000000d5effcb0,0x00000000d6d80000)
  from space 2560K, 87% used [0x00000000d6e80000,0x00000000d70b1018,0x00000000d7100000)
  to   space 2560K, 0% used [0x00000000d7100000,0x00000000d7100000,0x00000000d7380000)
 ParOldGen       total 68608K, used 8638K [0x0000000080000000, 0x0000000084300000, 0x00000000d5580000)
  object space 68608K, 12% used [0x0000000080000000,0x000000008086f810,0x0000000084300000)
 Metaspace       used 23880K, committed 24640K, reserved 1114112K
  class space    used 2309K, committed 2624K, reserved 1048576K

Card table byte_map: [0x000002c34b150000,0x000002c34b560000] _byte_map_base: 0x000002c34ad50000

Marking Bits: (ParMarkBitMap*) 0x00007ffbf3d54460
 Begin Bits: [0x000002c35dc40000, 0x000002c35fc40000)
 End Bits:   [0x000002c35fc40000, 0x000002c361c40000)

Polling page: 0x000002c349670000

Metaspace:

Usage:
  Non-class:     21.07 MB used.
      Class:      2.25 MB used.
       Both:     23.32 MB used.

Virtual space:
  Non-class space:       64.00 MB reserved,      21.50 MB ( 34%) committed,  1 nodes.
      Class space:        1.00 GB reserved,       2.56 MB ( <1%) committed,  1 nodes.
             Both:        1.06 GB reserved,      24.06 MB (  2%) committed. 

Chunk freelists:
   Non-Class:  10.23 MB
       Class:  13.35 MB
        Both:  23.58 MB

MaxMetaspaceSize: unlimited
CompressedClassSpaceSize: 1.00 GB
Initial GC threshold: 21.00 MB
Current GC threshold: 35.00 MB
CDS: on
 - commit_granule_bytes: 65536.
 - commit_granule_words: 8192.
 - virtual_space_node_default_size: 8388608.
 - enlarge_chunks_in_place: 1.
 - use_allocation_guard: 0.


Internal statistics:

num_allocs_failed_limit: 3.
num_arena_births: 528.
num_arena_deaths: 14.
num_vsnodes_births: 2.
num_vsnodes_deaths: 0.
num_space_committed: 385.
num_space_uncommitted: 0.
num_chunks_returned_to_freelist: 17.
num_chunks_taken_from_freelist: 1433.
num_chunk_merges: 9.
num_chunk_splits: 926.
num_chunks_enlarged: 602.
num_inconsistent_stats: 0.

CodeHeap 'non-profiled nmethods': size=119168Kb used=1420Kb max_used=1420Kb free=117747Kb
 bounds [0x000002c356530000, 0x000002c3567a0000, 0x000002c35d990000]
CodeHeap 'profiled nmethods': size=119104Kb used=6323Kb max_used=6323Kb free=112780Kb
 bounds [0x000002c34e990000, 0x000002c34efc0000, 0x000002c355de0000]
CodeHeap 'non-nmethods': size=7488Kb used=3015Kb max_used=3048Kb free=4473Kb
 bounds [0x000002c355de0000, 0x000002c3560e0000, 0x000002c356530000]
CodeCache: size=245760Kb, used=10758Kb, max_used=10791Kb, free=235000Kb
 total_blobs=3777, nmethods=3165, adapters=514, full_count=0
Compilation: enabled, stopped_count=0, restarted_count=0

Compilation events (20 events):
Event: 7.835 Thread 0x000002c36388f7e0 3148       3       java.lang.ProcessEnvironment$NameComparator::compare (13 bytes)
Event: 7.835 Thread 0x000002c363606b50 3149       3       java.lang.ProcessEnvironment$NameComparator::compare (90 bytes)
Event: 7.835 Thread 0x000002c36387e220 nmethod 3147 0x000002c34efb3310 code [0x000002c34efb34a0, 0x000002c34efb35e0]
Event: 7.835 Thread 0x000002c36387e220 3151       3       java.util.TreeMap::put (221 bytes)
Event: 7.835 Thread 0x000002c36388f7e0 nmethod 3148 0x000002c34efb3690 code [0x000002c34efb3840, 0x000002c34efb3b60]
Event: 7.835 Thread 0x000002c36388f7e0 3150       3       java.util.TreeMap::put (8 bytes)
Event: 7.835 Thread 0x000002c3636ff450 3152       3       java.util.TreeMap$Entry::<init> (25 bytes)
Event: 7.835 Thread 0x000002c36388f7e0 nmethod 3150 0x000002c34efb3c10 code [0x000002c34efb3dc0, 0x000002c34efb3f00]
Event: 7.836 Thread 0x000002c3636ff450 nmethod 3152 0x000002c34efb3f90 code [0x000002c34efb4140, 0x000002c34efb42f0]
Event: 7.837 Thread 0x000002c36387e220 nmethod 3151 0x000002c34efb4390 code [0x000002c34efb4600, 0x000002c34efb50e8]
Event: 7.837 Thread 0x000002c363606b50 nmethod 3149 0x000002c34efb5410 code [0x000002c34efb5720, 0x000002c34efb6940]
Event: 7.840 Thread 0x000002c369faad80 3153       4       java.lang.String::contains (19 bytes)
Event: 7.843 Thread 0x000002c369faad80 nmethod 3153 0x000002c356686f90 code [0x000002c356687120, 0x000002c3566873b0]
Event: 7.851 Thread 0x000002c36900a0b0 nmethod 3143 0x000002c356687510 code [0x000002c356687740, 0x000002c356688088]
Event: 7.852 Thread 0x000002c36388f7e0 3154       3       java.lang.AbstractStringBuilder::append (77 bytes)
Event: 7.853 Thread 0x000002c36388f7e0 nmethod 3154 0x000002c34efb7190 code [0x000002c34efb73a0, 0x000002c34efb7a48]
Event: 7.880 Thread 0x000002c3636ff450 3156       3       java.lang.StringBuilder::append (8 bytes)
Event: 7.880 Thread 0x000002c36387e220 3157       3       java.nio.ByteBuffer::position (8 bytes)
Event: 7.881 Thread 0x000002c3636ff450 nmethod 3156 0x000002c34efb7d10 code [0x000002c34efb7ec0, 0x000002c34efb8010]
Event: 7.881 Thread 0x000002c36387e220 nmethod 3157 0x000002c34efb8090 code [0x000002c34efb8240, 0x000002c34efb8390]

GC Heap History (16 events):
Event: 1.775 GC heap before
{Heap before GC invocations=1 (full 0):
 PSYoungGen      total 29696K, used 25600K [0x00000000d5580000, 0x00000000d7680000, 0x0000000100000000)
  eden space 25600K, 100% used [0x00000000d5580000,0x00000000d6e80000,0x00000000d6e80000)
  from space 4096K, 0% used [0x00000000d7280000,0x00000000d7280000,0x00000000d7680000)
  to   space 4096K, 0% used [0x00000000d6e80000,0x00000000d6e80000,0x00000000d7280000)
 ParOldGen       total 68608K, used 0K [0x0000000080000000, 0x0000000084300000, 0x00000000d5580000)
  object space 68608K, 0% used [0x0000000080000000,0x0000000080000000,0x0000000084300000)
 Metaspace       used 4172K, committed 4416K, reserved 1114112K
  class space    used 454K, committed 576K, reserved 1048576K
}
Event: 1.794 GC heap after
{Heap after GC invocations=1 (full 0):
 PSYoungGen      total 29696K, used 3659K [0x00000000d5580000, 0x00000000d7680000, 0x0000000100000000)
  eden space 25600K, 0% used [0x00000000d5580000,0x00000000d5580000,0x00000000d6e80000)
  from space 4096K, 89% used [0x00000000d6e80000,0x00000000d7212ff0,0x00000000d7280000)
  to   space 4096K, 0% used [0x00000000d7280000,0x00000000d7280000,0x00000000d7680000)
 ParOldGen       total 68608K, used 16K [0x0000000080000000, 0x0000000084300000, 0x00000000d5580000)
  object space 68608K, 0% used [0x0000000080000000,0x0000000080004000,0x0000000084300000)
 Metaspace       used 4172K, committed 4416K, reserved 1114112K
  class space    used 454K, committed 576K, reserved 1048576K
}
Event: 3.550 GC heap before
{Heap before GC invocations=2 (full 0):
 PSYoungGen      total 29696K, used 29259K [0x00000000d5580000, 0x00000000d7680000, 0x0000000100000000)
  eden space 25600K, 100% used [0x00000000d5580000,0x00000000d6e80000,0x00000000d6e80000)
  from space 4096K, 89% used [0x00000000d6e80000,0x00000000d7212ff0,0x00000000d7280000)
  to   space 4096K, 0% used [0x00000000d7280000,0x00000000d7280000,0x00000000d7680000)
 ParOldGen       total 68608K, used 16K [0x0000000080000000, 0x0000000084300000, 0x00000000d5580000)
  object space 68608K, 0% used [0x0000000080000000,0x0000000080004000,0x0000000084300000)
 Metaspace       used 8008K, committed 8256K, reserved 1114112K
  class space    used 833K, committed 960K, reserved 1048576K
}
Event: 3.561 GC heap after
{Heap after GC invocations=2 (full 0):
 PSYoungGen      total 29696K, used 4070K [0x00000000d5580000, 0x00000000d7680000, 0x0000000100000000)
  eden space 25600K, 0% used [0x00000000d5580000,0x00000000d5580000,0x00000000d6e80000)
  from space 4096K, 99% used [0x00000000d7280000,0x00000000d7679800,0x00000000d7680000)
  to   space 4096K, 0% used [0x00000000d6e80000,0x00000000d6e80000,0x00000000d7280000)
 ParOldGen       total 68608K, used 1009K [0x0000000080000000, 0x0000000084300000, 0x00000000d5580000)
  object space 68608K, 1% used [0x0000000080000000,0x00000000800fc6a8,0x0000000084300000)
 Metaspace       used 8008K, committed 8256K, reserved 1114112K
  class space    used 833K, committed 960K, reserved 1048576K
}
Event: 5.039 GC heap before
{Heap before GC invocations=3 (full 0):
 PSYoungGen      total 29696K, used 29670K [0x00000000d5580000, 0x00000000d7680000, 0x0000000100000000)
  eden space 25600K, 100% used [0x00000000d5580000,0x00000000d6e80000,0x00000000d6e80000)
  from space 4096K, 99% used [0x00000000d7280000,0x00000000d7679800,0x00000000d7680000)
  to   space 4096K, 0% used [0x00000000d6e80000,0x00000000d6e80000,0x00000000d7280000)
 ParOldGen       total 68608K, used 1009K [0x0000000080000000, 0x0000000084300000, 0x00000000d5580000)
  object space 68608K, 1% used [0x0000000080000000,0x00000000800fc6a8,0x0000000084300000)
 Metaspace       used 12803K, committed 13312K, reserved 1114112K
  class space    used 1352K, committed 1600K, reserved 1048576K
}
Event: 5.048 GC heap after
{Heap after GC invocations=3 (full 0):
 PSYoungGen      total 29696K, used 4082K [0x00000000d5580000, 0x00000000d7680000, 0x0000000100000000)
  eden space 25600K, 0% used [0x00000000d5580000,0x00000000d5580000,0x00000000d6e80000)
  from space 4096K, 99% used [0x00000000d6e80000,0x00000000d727cbd8,0x00000000d7280000)
  to   space 4096K, 0% used [0x00000000d7280000,0x00000000d7280000,0x00000000d7680000)
 ParOldGen       total 68608K, used 2464K [0x0000000080000000, 0x0000000084300000, 0x00000000d5580000)
  object space 68608K, 3% used [0x0000000080000000,0x00000000802681c8,0x0000000084300000)
 Metaspace       used 12803K, committed 13312K, reserved 1114112K
  class space    used 1352K, committed 1600K, reserved 1048576K
}
Event: 6.278 GC heap before
{Heap before GC invocations=4 (full 0):
 PSYoungGen      total 29696K, used 29668K [0x00000000d5580000, 0x00000000d7680000, 0x0000000100000000)
  eden space 25600K, 99% used [0x00000000d5580000,0x00000000d6e7c618,0x00000000d6e80000)
  from space 4096K, 99% used [0x00000000d6e80000,0x00000000d727cbd8,0x00000000d7280000)
  to   space 4096K, 0% used [0x00000000d7280000,0x00000000d7280000,0x00000000d7680000)
 ParOldGen       total 68608K, used 2464K [0x0000000080000000, 0x0000000084300000, 0x00000000d5580000)
  object space 68608K, 3% used [0x0000000080000000,0x00000000802681c8,0x0000000084300000)
 Metaspace       used 16794K, committed 17408K, reserved 1114112K
  class space    used 1765K, committed 2048K, reserved 1048576K
}
Event: 6.287 GC heap after
{Heap after GC invocations=4 (full 0):
 PSYoungGen      total 29696K, used 4086K [0x00000000d5580000, 0x00000000d7680000, 0x0000000100000000)
  eden space 25600K, 0% used [0x00000000d5580000,0x00000000d5580000,0x00000000d6e80000)
  from space 4096K, 99% used [0x00000000d7280000,0x00000000d767d9d8,0x00000000d7680000)
  to   space 4096K, 0% used [0x00000000d6e80000,0x00000000d6e80000,0x00000000d7280000)
 ParOldGen       total 68608K, used 4633K [0x0000000080000000, 0x0000000084300000, 0x00000000d5580000)
  object space 68608K, 6% used [0x0000000080000000,0x00000000804867b8,0x0000000084300000)
 Metaspace       used 16794K, committed 17408K, reserved 1114112K
  class space    used 1765K, committed 2048K, reserved 1048576K
}
Event: 6.873 GC heap before
{Heap before GC invocations=5 (full 0):
 PSYoungGen      total 29696K, used 29686K [0x00000000d5580000, 0x00000000d7680000, 0x0000000100000000)
  eden space 25600K, 100% used [0x00000000d5580000,0x00000000d6e80000,0x00000000d6e80000)
  from space 4096K, 99% used [0x00000000d7280000,0x00000000d767d9d8,0x00000000d7680000)
  to   space 4096K, 0% used [0x00000000d6e80000,0x00000000d6e80000,0x00000000d7280000)
 ParOldGen       total 68608K, used 4633K [0x0000000080000000, 0x0000000084300000, 0x00000000d5580000)
  object space 68608K, 6% used [0x0000000080000000,0x00000000804867b8,0x0000000084300000)
 Metaspace       used 20062K, committed 20736K, reserved 1114112K
  class space    used 2001K, committed 2304K, reserved 1048576K
}
Event: 6.893 GC heap after
{Heap after GC invocations=5 (full 0):
 PSYoungGen      total 29184K, used 4082K [0x00000000d5580000, 0x00000000d7800000, 0x0000000100000000)
  eden space 25088K, 0% used [0x00000000d5580000,0x00000000d5580000,0x00000000d6e00000)
  from space 4096K, 99% used [0x00000000d6e80000,0x00000000d727c928,0x00000000d7280000)
  to   space 5120K, 0% used [0x00000000d7300000,0x00000000d7300000,0x00000000d7800000)
 ParOldGen       total 68608K, used 4897K [0x0000000080000000, 0x0000000084300000, 0x00000000d5580000)
  object space 68608K, 7% used [0x0000000080000000,0x00000000804c87d8,0x0000000084300000)
 Metaspace       used 20062K, committed 20736K, reserved 1114112K
  class space    used 2001K, committed 2304K, reserved 1048576K
}
Event: 7.024 GC heap before
{Heap before GC invocations=6 (full 0):
 PSYoungGen      total 29184K, used 8928K [0x00000000d5580000, 0x00000000d7800000, 0x0000000100000000)
  eden space 25088K, 19% used [0x00000000d5580000,0x00000000d5a3ba20,0x00000000d6e00000)
  from space 4096K, 99% used [0x00000000d6e80000,0x00000000d727c928,0x00000000d7280000)
  to   space 5120K, 0% used [0x00000000d7300000,0x00000000d7300000,0x00000000d7800000)
 ParOldGen       total 68608K, used 4897K [0x0000000080000000, 0x0000000084300000, 0x00000000d5580000)
  object space 68608K, 7% used [0x0000000080000000,0x00000000804c87d8,0x0000000084300000)
 Metaspace       used 20845K, committed 21504K, reserved 1114112K
  class space    used 2074K, committed 2368K, reserved 1048576K
}
Event: 7.029 GC heap after
{Heap after GC invocations=6 (full 0):
 PSYoungGen      total 29696K, used 4114K [0x00000000d5580000, 0x00000000d7780000, 0x0000000100000000)
  eden space 25088K, 0% used [0x00000000d5580000,0x00000000d5580000,0x00000000d6e00000)
  from space 4608K, 89% used [0x00000000d7300000,0x00000000d77048a0,0x00000000d7780000)
  to   space 4608K, 0% used [0x00000000d6e80000,0x00000000d6e80000,0x00000000d7300000)
 ParOldGen       total 68608K, used 4897K [0x0000000080000000, 0x0000000084300000, 0x00000000d5580000)
  object space 68608K, 7% used [0x0000000080000000,0x00000000804c87d8,0x0000000084300000)
 Metaspace       used 20845K, committed 21504K, reserved 1114112K
  class space    used 2074K, committed 2368K, reserved 1048576K
}
Event: 7.029 GC heap before
{Heap before GC invocations=7 (full 1):
 PSYoungGen      total 29696K, used 4114K [0x00000000d5580000, 0x00000000d7780000, 0x0000000100000000)
  eden space 25088K, 0% used [0x00000000d5580000,0x00000000d5580000,0x00000000d6e00000)
  from space 4608K, 89% used [0x00000000d7300000,0x00000000d77048a0,0x00000000d7780000)
  to   space 4608K, 0% used [0x00000000d6e80000,0x00000000d6e80000,0x00000000d7300000)
 ParOldGen       total 68608K, used 4897K [0x0000000080000000, 0x0000000084300000, 0x00000000d5580000)
  object space 68608K, 7% used [0x0000000080000000,0x00000000804c87d8,0x0000000084300000)
 Metaspace       used 20845K, committed 21504K, reserved 1114112K
  class space    used 2074K, committed 2368K, reserved 1048576K
}
Event: 7.084 GC heap after
{Heap after GC invocations=7 (full 1):
 PSYoungGen      total 29696K, used 0K [0x00000000d5580000, 0x00000000d7780000, 0x0000000100000000)
  eden space 25088K, 0% used [0x00000000d5580000,0x00000000d5580000,0x00000000d6e00000)
  from space 4608K, 0% used [0x00000000d7300000,0x00000000d7300000,0x00000000d7780000)
  to   space 4608K, 0% used [0x00000000d6e80000,0x00000000d6e80000,0x00000000d7300000)
 ParOldGen       total 68608K, used 8630K [0x0000000080000000, 0x0000000084300000, 0x00000000d5580000)
  object space 68608K, 12% used [0x0000000080000000,0x000000008086d810,0x0000000084300000)
 Metaspace       used 20833K, committed 21504K, reserved 1114112K
  class space    used 2070K, committed 2368K, reserved 1048576K
}
Event: 7.535 GC heap before
{Heap before GC invocations=8 (full 1):
 PSYoungGen      total 29696K, used 25088K [0x00000000d5580000, 0x00000000d7780000, 0x0000000100000000)
  eden space 25088K, 100% used [0x00000000d5580000,0x00000000d6e00000,0x00000000d6e00000)
  from space 4608K, 0% used [0x00000000d7300000,0x00000000d7300000,0x00000000d7780000)
  to   space 4608K, 0% used [0x00000000d6e80000,0x00000000d6e80000,0x00000000d7300000)
 ParOldGen       total 68608K, used 8630K [0x0000000080000000, 0x0000000084300000, 0x00000000d5580000)
  object space 68608K, 12% used [0x0000000080000000,0x000000008086d810,0x0000000084300000)
 Metaspace       used 22501K, committed 23232K, reserved 1114112K
  class space    used 2179K, committed 2496K, reserved 1048576K
}
Event: 7.538 GC heap after
{Heap after GC invocations=8 (full 1):
 PSYoungGen      total 27136K, used 2244K [0x00000000d5580000, 0x00000000d7380000, 0x0000000100000000)
  eden space 24576K, 0% used [0x00000000d5580000,0x00000000d5580000,0x00000000d6d80000)
  from space 2560K, 87% used [0x00000000d6e80000,0x00000000d70b1018,0x00000000d7100000)
  to   space 2560K, 0% used [0x00000000d7100000,0x00000000d7100000,0x00000000d7380000)
 ParOldGen       total 68608K, used 8638K [0x0000000080000000, 0x0000000084300000, 0x00000000d5580000)
  object space 68608K, 12% used [0x0000000080000000,0x000000008086f810,0x0000000084300000)
 Metaspace       used 22501K, committed 23232K, reserved 1114112K
  class space    used 2179K, committed 2496K, reserved 1048576K
}

Dll operation events (10 events):
Event: 0.032 Loaded shared library c:\Users\Dell\.vscode\extensions\redhat.java-1.55.0-win32-x64\jre\21.0.11-win32-x86_64\bin\java.dll
Event: 0.181 Loaded shared library c:\Users\Dell\.vscode\extensions\redhat.java-1.55.0-win32-x64\jre\21.0.11-win32-x86_64\bin\zip.dll
Event: 0.238 Loaded shared library C:\Users\Dell\.vscode\extensions\redhat.java-1.55.0-win32-x64\jre\21.0.11-win32-x86_64\bin\instrument.dll
Event: 0.253 Loaded shared library C:\Users\Dell\.vscode\extensions\redhat.java-1.55.0-win32-x64\jre\21.0.11-win32-x86_64\bin\net.dll
Event: 0.258 Loaded shared library C:\Users\Dell\.vscode\extensions\redhat.java-1.55.0-win32-x64\jre\21.0.11-win32-x86_64\bin\nio.dll
Event: 0.263 Loaded shared library C:\Users\Dell\.vscode\extensions\redhat.java-1.55.0-win32-x64\jre\21.0.11-win32-x86_64\bin\zip.dll
Event: 0.301 Loaded shared library C:\Users\Dell\.vscode\extensions\redhat.java-1.55.0-win32-x64\jre\21.0.11-win32-x86_64\bin\jimage.dll
Event: 0.493 Loaded shared library c:\Users\Dell\.vscode\extensions\redhat.java-1.55.0-win32-x64\jre\21.0.11-win32-x86_64\bin\verify.dll
Event: 3.695 Loaded shared library C:\Users\Dell\AppData\Roaming\Code\User\globalStorage\redhat.java\1.55.0\config_ss_win\org.eclipse.equinox.launcher\org.eclipse.equinox.launcher.win32.win32.x86_64_1.3.100.v20260613-0559\eclipse_11924.dll
Event: 5.827 Loaded shared library C:\Users\Dell\AppData\Local\Temp\jna-2126305\jna18228100748437895651.dll

Deoptimization events (20 events):
Event: 7.832 Thread 0x000002c3637b7b40 Uncommon trap: trap_request=0xffffffc6 fr.pc=0x000002c35662c5b8 relative=0x00000000000009b8
Event: 7.832 Thread 0x000002c3637b7b40 Uncommon trap: reason=bimorphic_or_optimized_type_check action=maybe_recompile pc=0x000002c35662c5b8 method=java.util.HashMap.putVal(ILjava/lang/Object;Ljava/lang/Object;ZZ)Ljava/lang/Object; @ 56 c2
Event: 7.832 Thread 0x000002c3637b7b40 DEOPT PACKING pc=0x000002c35662c5b8 sp=0x000000e2190fdcf0
Event: 7.832 Thread 0x000002c3637b7b40 DEOPT UNPACKING pc=0x000002c355e33aa2 sp=0x000000e2190fdbf0 mode 2
Event: 7.832 Thread 0x000002c3637b7b40 Uncommon trap: trap_request=0xffffffc6 fr.pc=0x000002c35662c5b8 relative=0x00000000000009b8
Event: 7.832 Thread 0x000002c3637b7b40 Uncommon trap: reason=bimorphic_or_optimized_type_check action=maybe_recompile pc=0x000002c35662c5b8 method=java.util.HashMap.putVal(ILjava/lang/Object;Ljava/lang/Object;ZZ)Ljava/lang/Object; @ 56 c2
Event: 7.832 Thread 0x000002c3637b7b40 DEOPT PACKING pc=0x000002c35662c5b8 sp=0x000000e2190fdcf0
Event: 7.832 Thread 0x000002c3637b7b40 DEOPT UNPACKING pc=0x000002c355e33aa2 sp=0x000000e2190fdbf0 mode 2
Event: 7.832 Thread 0x000002c3637b7b40 Uncommon trap: trap_request=0xffffffc6 fr.pc=0x000002c35662c5b8 relative=0x00000000000009b8
Event: 7.832 Thread 0x000002c3637b7b40 Uncommon trap: reason=bimorphic_or_optimized_type_check action=maybe_recompile pc=0x000002c35662c5b8 method=java.util.HashMap.putVal(ILjava/lang/Object;Ljava/lang/Object;ZZ)Ljava/lang/Object; @ 56 c2
Event: 7.832 Thread 0x000002c3637b7b40 DEOPT PACKING pc=0x000002c35662c5b8 sp=0x000000e2190fdcf0
Event: 7.832 Thread 0x000002c3637b7b40 DEOPT UNPACKING pc=0x000002c355e33aa2 sp=0x000000e2190fdbf0 mode 2
Event: 7.832 Thread 0x000002c3637b7b40 Uncommon trap: trap_request=0xffffffc6 fr.pc=0x000002c35662ada8 relative=0x0000000000000948
Event: 7.832 Thread 0x000002c3637b7b40 Uncommon trap: reason=bimorphic_or_optimized_type_check action=maybe_recompile pc=0x000002c35662ada8 method=java.util.HashMap.putVal(ILjava/lang/Object;Ljava/lang/Object;ZZ)Ljava/lang/Object; @ 56 c2
Event: 7.832 Thread 0x000002c3637b7b40 DEOPT PACKING pc=0x000002c35662ada8 sp=0x000000e2190fdc70
Event: 7.832 Thread 0x000002c3637b7b40 DEOPT UNPACKING pc=0x000002c355e33aa2 sp=0x000000e2190fdbf8 mode 2
Event: 7.865 Thread 0x000002c3637b7b40 Uncommon trap: trap_request=0xffffff45 fr.pc=0x000002c356684d00 relative=0x0000000000000a80
Event: 7.865 Thread 0x000002c3637b7b40 Uncommon trap: reason=unstable_if action=reinterpret pc=0x000002c356684d00 method=java.util.regex.Pattern$BmpCharPropertyGreedy.match(Ljava/util/regex/Matcher;ILjava/lang/CharSequence;)Z @ 12 c2
Event: 7.865 Thread 0x000002c3637b7b40 DEOPT PACKING pc=0x000002c356684d00 sp=0x000000e2190fd880
Event: 7.865 Thread 0x000002c3637b7b40 DEOPT UNPACKING pc=0x000002c355e33aa2 sp=0x000000e2190fd768 mode 2

Classes loaded (20 events):
Event: 7.863 Loading class sun/util/locale/provider/BaseLocaleDataMetaInfo
Event: 7.864 Loading class sun/util/locale/provider/BaseLocaleDataMetaInfo done
Event: 7.866 Loading class sun/util/resources/cldr/TimeZoneNames
Event: 7.866 Loading class sun/util/resources/TimeZoneNamesBundle
Event: 7.866 Loading class sun/util/resources/OpenListResourceBundle
Event: 7.866 Loading class sun/util/resources/OpenListResourceBundle done
Event: 7.866 Loading class sun/util/resources/TimeZoneNamesBundle done
Event: 7.866 Loading class sun/util/resources/cldr/TimeZoneNames done
Event: 7.866 Loading class sun/util/resources/cldr/TimeZoneNames_en
Event: 7.868 Loading class sun/util/resources/cldr/TimeZoneNames_en done
Event: 7.869 Loading class sun/util/resources/cldr/TimeZoneNames_en_US
Event: 7.869 Loading class sun/util/resources/cldr/TimeZoneNames_en_US done
Event: 7.872 Loading class sun/util/cldr/CLDRBaseLocaleDataMetaInfo$TZCanonicalIDMapHolder
Event: 7.874 Loading class sun/util/cldr/CLDRBaseLocaleDataMetaInfo$TZCanonicalIDMapHolder done
Event: 7.875 Loading class sun/util/resources/TimeZoneNames
Event: 7.877 Loading class sun/util/resources/TimeZoneNames done
Event: 7.878 Loading class sun/util/resources/TimeZoneNames_en
Event: 7.878 Loading class sun/util/resources/TimeZoneNames_en done
Event: 7.881 Loading class sun/nio/fs/WindowsPath$1
Event: 7.882 Loading class sun/nio/fs/WindowsPath$1 done

Classes unloaded (7 events):
Event: 7.047 Thread 0x000002c34b82fa60 Unloading class 0x000002c30118d400 'java/lang/invoke/LambdaForm$MH+0x000002c30118d400'
Event: 7.047 Thread 0x000002c34b82fa60 Unloading class 0x000002c30118d000 'java/lang/invoke/LambdaForm$MH+0x000002c30118d000'
Event: 7.047 Thread 0x000002c34b82fa60 Unloading class 0x000002c30118cc00 'java/lang/invoke/LambdaForm$MH+0x000002c30118cc00'
Event: 7.047 Thread 0x000002c34b82fa60 Unloading class 0x000002c30118c800 'java/lang/invoke/LambdaForm$MH+0x000002c30118c800'
Event: 7.047 Thread 0x000002c34b82fa60 Unloading class 0x000002c30118c400 'java/lang/invoke/LambdaForm$BMH+0x000002c30118c400'
Event: 7.047 Thread 0x000002c34b82fa60 Unloading class 0x000002c30118c000 'java/lang/invoke/LambdaForm$DMH+0x000002c30118c000'
Event: 7.047 Thread 0x000002c34b82fa60 Unloading class 0x000002c30118ac00 'java/lang/invoke/LambdaForm$DMH+0x000002c30118ac00'

Classes redefined (0 events):
No events

Internal exceptions (20 events):
Event: 6.047 Thread 0x000002c3637b7b40 Exception <a 'java/lang/NoSuchMethodError'{0x00000000d68e4a28}: 'int java.lang.invoke.DirectMethodHandle$Holder.invokeStaticInit(java.lang.Object, java.lang.Object, java.lang.Object)'> (0x00000000d68e4a28) 
thrown [s\src\hotspot\share\interpreter\linkResolver.cpp, line 773]
Event: 6.066 Thread 0x000002c3637b7b40 Exception <a 'java/lang/IncompatibleClassChangeError'{0x00000000d6986980}: Found class java.lang.Object, but interface was expected> (0x00000000d6986980) 
thrown [s\src\hotspot\share\interpreter\linkResolver.cpp, line 840]
Event: 6.073 Thread 0x000002c3637b7b40 Exception <a 'java/lang/NoSuchMethodError'{0x00000000d699a888}: 'java.lang.Object java.lang.invoke.DirectMethodHandle$Holder.invokeSpecial(java.lang.Object, java.lang.Object, java.lang.Object, int, java.lang.Object, java.lang.Object)'> (0x00000000d699a888) 
thrown [s\src\hotspot\share\interpreter\linkResolver.cpp, line 773]
Event: 6.075 Thread 0x000002c3637b7b40 Exception <a 'java/lang/NoSuchMethodError'{0x00000000d69a2360}: 'java.lang.Object java.lang.invoke.DirectMethodHandle$Holder.newInvokeSpecial(java.lang.Object, java.lang.Object, java.lang.Object, int, java.lang.Object)'> (0x00000000d69a2360) 
thrown [s\src\hotspot\share\interpreter\linkResolver.cpp, line 773]
Event: 6.076 Thread 0x000002c3637b7b40 Exception <a 'java/lang/NoSuchMethodError'{0x00000000d69a62e0}: 'java.lang.Object java.lang.invoke.DirectMethodHandle$Holder.invokeSpecial(java.lang.Object, java.lang.Object, java.lang.Object, java.lang.Object, int, java.lang.Object)'> (0x00000000d69a62e0) 
thrown [s\src\hotspot\share\interpreter\linkResolver.cpp, line 773]
Event: 6.076 Thread 0x000002c3637b7b40 Exception <a 'java/lang/NoSuchMethodError'{0x00000000d69a9e20}: 'java.lang.Object java.lang.invoke.Invokers$Holder.linkToTargetMethod(java.lang.Object, java.lang.Object, int, java.lang.Object, java.lang.Object)'> (0x00000000d69a9e20) 
thrown [s\src\hotspot\share\interpreter\linkResolver.cpp, line 773]
Event: 6.078 Thread 0x000002c36938a060 Exception <a 'java/lang/NoSuchMethodError'{0x00000000d68f0840}: 'java.lang.Object java.lang.invoke.DirectMethodHandle$Holder.invokeSpecial(java.lang.Object, java.lang.Object, int, java.lang.Object, java.lang.Object)'> (0x00000000d68f0840) 
thrown [s\src\hotspot\share\interpreter\linkResolver.cpp, line 773]
Event: 6.079 Thread 0x000002c36938a060 Exception <a 'java/lang/NoSuchMethodError'{0x00000000d68f7578}: 'java.lang.Object java.lang.invoke.DirectMethodHandle$Holder.newInvokeSpecial(java.lang.Object, java.lang.Object, int, java.lang.Object)'> (0x00000000d68f7578) 
thrown [s\src\hotspot\share\interpreter\linkResolver.cpp, line 773]
Event: 6.080 Thread 0x000002c36938a060 Exception <a 'java/lang/NoSuchMethodError'{0x00000000d68fae58}: 'java.lang.Object java.lang.invoke.DirectMethodHandle$Holder.invokeSpecial(java.lang.Object, java.lang.Object, java.lang.Object, int, java.lang.Object)'> (0x00000000d68fae58) 
thrown [s\src\hotspot\share\interpreter\linkResolver.cpp, line 773]
Event: 6.117 Thread 0x000002c3637b7b40 Exception <a 'java/lang/NoSuchMethodError'{0x00000000d6ac9350}: 'void java.lang.invoke.DirectMethodHandle$Holder.invokeSpecial(java.lang.Object, java.lang.Object, java.lang.Object, java.lang.Object, java.lang.Object)'> (0x00000000d6ac9350) 
thrown [s\src\hotspot\share\interpreter\linkResolver.cpp, line 773]
Event: 6.234 Thread 0x000002c3637b7b40 Exception <a 'java/lang/NoSuchMethodError'{0x00000000d6d84f38}: 'double java.lang.invoke.DirectMethodHandle$Holder.invokeStatic(java.lang.Object, java.lang.Object)'> (0x00000000d6d84f38) 
thrown [s\src\hotspot\share\interpreter\linkResolver.cpp, line 773]
Event: 6.235 Thread 0x000002c3637b7b40 Exception <a 'java/lang/NoSuchMethodError'{0x00000000d6d885f8}: 'double java.lang.invoke.DirectMethodHandle$Holder.invokeStaticInit(java.lang.Object, java.lang.Object)'> (0x00000000d6d885f8) 
thrown [s\src\hotspot\share\interpreter\linkResolver.cpp, line 773]
Event: 6.970 Thread 0x000002c3637b7b40 Implicit null exception at 0x000002c356661875 to 0x000002c356661950
Event: 7.290 Thread 0x000002c3637b7b40 Exception <a 'java/io/FileNotFoundException'{0x00000000d683b208}> (0x00000000d683b208) 
thrown [s\src\hotspot\share\prims\jni.cpp, line 520]
Event: 7.291 Thread 0x000002c3637b7b40 Exception <a 'java/io/FileNotFoundException'{0x00000000d683c200}> (0x00000000d683c200) 
thrown [s\src\hotspot\share\prims\jni.cpp, line 520]
Event: 7.654 Thread 0x000002c3637b7b40 Exception <a 'java/lang/ClassNotFoundException'{0x00000000d5824268}: com/sun/org/apache/xerces/internal/impl/msg/spi/DOMMessagesProvider> (0x00000000d5824268) 
thrown [s\src\hotspot\share\classfile\systemDictionary.cpp, line 313]
Event: 7.660 Thread 0x000002c3637b7b40 Exception <a 'java/lang/ClassNotFoundException'{0x00000000d583f1d0}: com/sun/org/apache/xerces/internal/impl/msg/spi/XMLSerializerMessagesProvider> (0x00000000d583f1d0) 
thrown [s\src\hotspot\share\classfile\systemDictionary.cpp, line 313]
Event: 7.663 Thread 0x000002c3637b7b40 Exception <a 'java/lang/ClassNotFoundException'{0x00000000d584c4f0}: com/sun/org/apache/xerces/internal/impl/msg/spi/XMLMessagesProvider> (0x00000000d584c4f0) 
thrown [s\src\hotspot\share\classfile\systemDictionary.cpp, line 313]
Event: 7.735 Thread 0x000002c3637b7b40 Exception <a 'java/lang/NoSuchMethodError'{0x00000000d59f9ba0}: 'java.lang.Object java.lang.invoke.DirectMethodHandle$Holder.newInvokeSpecial(java.lang.Object, int, java.lang.Object, java.lang.Object)'> (0x00000000d59f9ba0) 
thrown [s\src\hotspot\share\interpreter\linkResolver.cpp, line 773]
Event: 7.854 Thread 0x000002c3637b7b40 Exception <a 'sun/nio/fs/WindowsException'{0x00000000d5c000b8}> (0x00000000d5c000b8) 
thrown [s\src\hotspot\share\prims\jni.cpp, line 520]

ZGC Phase Switch (0 events):
No events

VM Operations (20 events):
Event: 5.304 Executing non-safepoint VM operation: HandshakeAllThreads (Deoptimize)
Event: 5.304 Executing non-safepoint VM operation: HandshakeAllThreads (Deoptimize) done
Event: 5.316 Executing non-safepoint VM operation: HandshakeAllThreads (Deoptimize)
Event: 5.317 Executing non-safepoint VM operation: HandshakeAllThreads (Deoptimize) done
Event: 5.349 Executing non-safepoint VM operation: HandshakeAllThreads (Deoptimize)
Event: 5.349 Executing non-safepoint VM operation: HandshakeAllThreads (Deoptimize) done
Event: 5.764 Executing non-safepoint VM operation: HandshakeAllThreads (Deoptimize)
Event: 5.764 Executing non-safepoint VM operation: HandshakeAllThreads (Deoptimize) done
Event: 5.847 Executing non-safepoint VM operation: HandshakeAllThreads (Deoptimize)
Event: 5.847 Executing non-safepoint VM operation: HandshakeAllThreads (Deoptimize) done
Event: 6.278 Executing safepoint VM operation: ParallelGCFailedAllocation (Allocation Failure)
Event: 6.287 Executing safepoint VM operation: ParallelGCFailedAllocation (Allocation Failure) done
Event: 6.873 Executing safepoint VM operation: ParallelGCFailedAllocation (Allocation Failure)
Event: 6.893 Executing safepoint VM operation: ParallelGCFailedAllocation (Allocation Failure) done
Event: 7.024 Executing safepoint VM operation: CollectForMetadataAllocation (Metadata GC Threshold)
Event: 7.084 Executing safepoint VM operation: CollectForMetadataAllocation (Metadata GC Threshold) done
Event: 7.535 Executing safepoint VM operation: ParallelGCFailedAllocation (Allocation Failure)
Event: 7.539 Executing safepoint VM operation: ParallelGCFailedAllocation (Allocation Failure) done
Event: 7.830 Executing non-safepoint VM operation: HandshakeAllThreads (Deoptimize)
Event: 7.830 Executing non-safepoint VM operation: HandshakeAllThreads (Deoptimize) done

Memory protections (0 events):
No events

Nmethod flushes (0 events):
No events

Events (20 events):
Event: 3.656 Thread 0x000002c34b78f120 Thread added: 0x000002c3637b74b0
Event: 3.672 Thread 0x000002c34b78f120 Thread added: 0x000002c3637b7b40
Event: 3.787 Thread 0x000002c3637b7b40 Thread added: 0x000002c3637b8ef0
Event: 3.868 Thread 0x000002c369b78160 Thread exited: 0x000002c369b78160
Event: 4.475 Thread 0x000002c363605aa0 Thread added: 0x000002c369bc18e0
Event: 4.476 Thread 0x000002c363605aa0 Thread added: 0x000002c369bc1f90
Event: 4.830 Thread 0x000002c369bc1f90 Thread exited: 0x000002c369bc1f90
Event: 4.837 Thread 0x000002c369bc18e0 Thread exited: 0x000002c369bc18e0
Event: 4.931 Thread 0x000002c3637b7b40 Thread added: 0x000002c3637b9580
Event: 5.327 Thread 0x000002c3636ff450 Thread added: 0x000002c369e55c70
Event: 5.774 Thread 0x000002c369e55c70 Thread exited: 0x000002c369e55c70
Event: 5.884 Thread 0x000002c36388f7e0 Thread added: 0x000002c36900a0b0
Event: 5.891 Thread 0x000002c3637b7b40 Thread added: 0x000002c3637b6100
Event: 6.035 Thread 0x000002c3637b7b40 Thread added: 0x000002c36938a060
Event: 6.079 Thread 0x000002c3637b7b40 Thread added: 0x000002c3693899d0
Event: 6.401 Thread 0x000002c3693899d0 Thread added: 0x000002c36938ce50
Event: 6.520 Thread 0x000002c363605aa0 Thread added: 0x000002c36a3562c0
Event: 6.628 Thread 0x000002c36a3562c0 Thread exited: 0x000002c36a3562c0
Event: 7.175 Thread 0x000002c3636ff450 Thread added: 0x000002c369faad80
Event: 7.709 Thread 0x000002c3637b7b40 Thread added: 0x000002c36938c130


Dynamic libraries:
0x00007ff63be90000 - 0x00007ff63be9e000 	c:\Users\Dell\.vscode\extensions\redhat.java-1.55.0-win32-x64\jre\21.0.11-win32-x86_64\bin\java.exe
0x00007ffcb5de0000 - 0x00007ffcb6047000 	C:\WINDOWS\SYSTEM32\ntdll.dll
0x00007ffcb4a50000 - 0x00007ffcb4b19000 	C:\WINDOWS\System32\KERNEL32.DLL
0x00007ffcb2f30000 - 0x00007ffcb331f000 	C:\WINDOWS\System32\KERNELBASE.dll
0x00007ffcb3530000 - 0x00007ffcb367b000 	C:\WINDOWS\System32\ucrtbase.dll
0x00007ffc9a910000 - 0x00007ffc9a92e000 	c:\Users\Dell\.vscode\extensions\redhat.java-1.55.0-win32-x64\jre\21.0.11-win32-x86_64\bin\VCRUNTIME140.dll
0x00007ffc86390000 - 0x00007ffc863a8000 	c:\Users\Dell\.vscode\extensions\redhat.java-1.55.0-win32-x64\jre\21.0.11-win32-x86_64\bin\jli.dll
0x00007ffcb5530000 - 0x00007ffcb56f5000 	C:\WINDOWS\System32\USER32.dll
0x00007ffcb3aa0000 - 0x00007ffcb3ac7000 	C:\WINDOWS\System32\win32u.dll
0x00007ffc91ee0000 - 0x00007ffc92173000 	C:\WINDOWS\WinSxS\amd64_microsoft.windows.common-controls_6595b64144ccf1df_6.0.26100.7309_none_3e05feeae336a044\COMCTL32.dll
0x00007ffcb4940000 - 0x00007ffcb496b000 	C:\WINDOWS\System32\GDI32.dll
0x00007ffcb3f00000 - 0x00007ffcb3fa9000 	C:\WINDOWS\System32\msvcrt.dll
0x00007ffcb3970000 - 0x00007ffcb3a9c000 	C:\WINDOWS\System32\gdi32full.dll
0x00007ffcb3ad0000 - 0x00007ffcb3b73000 	C:\WINDOWS\System32\msvcp_win.dll
0x00007ffcb4c40000 - 0x00007ffcb4c71000 	C:\WINDOWS\System32\IMM32.DLL
0x00007ffc8ace0000 - 0x00007ffc8acec000 	c:\Users\Dell\.vscode\extensions\redhat.java-1.55.0-win32-x64\jre\21.0.11-win32-x86_64\bin\vcruntime140_1.dll
0x00007ffc5aeb0000 - 0x00007ffc5af3d000 	c:\Users\Dell\.vscode\extensions\redhat.java-1.55.0-win32-x64\jre\21.0.11-win32-x86_64\bin\msvcp140.dll
0x00007ffbf3090000 - 0x00007ffbf3e32000 	c:\Users\Dell\.vscode\extensions\redhat.java-1.55.0-win32-x64\jre\21.0.11-win32-x86_64\bin\server\jvm.dll
0x00007ffcb5180000 - 0x00007ffcb5234000 	C:\WINDOWS\System32\ADVAPI32.dll
0x00007ffcb49a0000 - 0x00007ffcb4a46000 	C:\WINDOWS\System32\sechost.dll
0x00007ffcb4b20000 - 0x00007ffcb4c38000 	C:\WINDOWS\System32\RPCRT4.dll
0x00007ffcb48c0000 - 0x00007ffcb4934000 	C:\WINDOWS\System32\WS2_32.dll
0x00007ffca0120000 - 0x00007ffca012b000 	C:\WINDOWS\SYSTEM32\VERSION.dll
0x00007ffcb2d90000 - 0x00007ffcb2dee000 	C:\WINDOWS\SYSTEM32\POWRPROF.dll
0x00007ffcb0430000 - 0x00007ffcb0465000 	C:\WINDOWS\SYSTEM32\WINMM.dll
0x00007ffcb2d70000 - 0x00007ffcb2d84000 	C:\WINDOWS\SYSTEM32\UMPDC.dll
0x00007ffcb1ce0000 - 0x00007ffcb1cfb000 	C:\WINDOWS\SYSTEM32\kernel.appcore.dll
0x00007ffc88fb0000 - 0x00007ffc88fba000 	c:\Users\Dell\.vscode\extensions\redhat.java-1.55.0-win32-x64\jre\21.0.11-win32-x86_64\bin\jimage.dll
0x00007ffcafe70000 - 0x00007ffcb00b2000 	C:\WINDOWS\SYSTEM32\DBGHELP.DLL
0x00007ffcb4df0000 - 0x00007ffcb5176000 	C:\WINDOWS\System32\combase.dll
0x00007ffcb47e0000 - 0x00007ffcb48b6000 	C:\WINDOWS\System32\OLEAUT32.dll
0x00007ffcb03b0000 - 0x00007ffcb03ec000 	C:\WINDOWS\SYSTEM32\dbgcore.DLL
0x00007ffcb33f0000 - 0x00007ffcb3495000 	C:\WINDOWS\System32\bcryptPrimitives.dll
0x00007ffc88620000 - 0x00007ffc8862f000 	c:\Users\Dell\.vscode\extensions\redhat.java-1.55.0-win32-x64\jre\21.0.11-win32-x86_64\bin\instrument.dll
0x00007ffc85510000 - 0x00007ffc85530000 	c:\Users\Dell\.vscode\extensions\redhat.java-1.55.0-win32-x64\jre\21.0.11-win32-x86_64\bin\java.dll
0x00007ffcb4020000 - 0x00007ffcb4773000 	C:\WINDOWS\System32\SHELL32.dll
0x00007ffcb3800000 - 0x00007ffcb396a000 	C:\WINDOWS\System32\wintypes.dll
0x00007ffcb0ac0000 - 0x00007ffcb131e000 	C:\WINDOWS\SYSTEM32\windows.storage.dll
0x00007ffcb5240000 - 0x00007ffcb5334000 	C:\WINDOWS\System32\SHCORE.dll
0x00007ffcb3fb0000 - 0x00007ffcb4016000 	C:\WINDOWS\System32\shlwapi.dll
0x00007ffcb2e50000 - 0x00007ffcb2e79000 	C:\WINDOWS\SYSTEM32\profapi.dll
0x00007ffc70d70000 - 0x00007ffc70d88000 	c:\Users\Dell\.vscode\extensions\redhat.java-1.55.0-win32-x64\jre\21.0.11-win32-x86_64\bin\zip.dll
0x00007ffc86380000 - 0x00007ffc86390000 	C:\Users\Dell\.vscode\extensions\redhat.java-1.55.0-win32-x64\jre\21.0.11-win32-x86_64\bin\net.dll
0x00007ffca9a40000 - 0x00007ffca9b68000 	C:\WINDOWS\SYSTEM32\WINHTTP.dll
0x00007ffcb2250000 - 0x00007ffcb22bb000 	C:\WINDOWS\system32\mswsock.dll
0x00007ffc6f210000 - 0x00007ffc6f226000 	C:\Users\Dell\.vscode\extensions\redhat.java-1.55.0-win32-x64\jre\21.0.11-win32-x86_64\bin\nio.dll
0x00007ffc85a50000 - 0x00007ffc85a60000 	c:\Users\Dell\.vscode\extensions\redhat.java-1.55.0-win32-x64\jre\21.0.11-win32-x86_64\bin\verify.dll
0x00007ffc583b0000 - 0x00007ffc583f5000 	C:\Users\Dell\AppData\Roaming\Code\User\globalStorage\redhat.java\1.55.0\config_ss_win\org.eclipse.equinox.launcher\org.eclipse.equinox.launcher.win32.win32.x86_64_1.3.100.v20260613-0559\eclipse_11924.dll
0x00007ffcb3c40000 - 0x00007ffcb3dd7000 	C:\WINDOWS\System32\ole32.dll
0x00007ffcb2510000 - 0x00007ffcb252b000 	C:\WINDOWS\SYSTEM32\CRYPTSP.dll
0x00007ffcb1c40000 - 0x00007ffcb1c7a000 	C:\WINDOWS\system32\rsaenh.dll
0x00007ffcb2300000 - 0x00007ffcb232b000 	C:\WINDOWS\SYSTEM32\USERENV.dll
0x00007ffcb2e20000 - 0x00007ffcb2e4a000 	C:\WINDOWS\SYSTEM32\bcrypt.dll
0x00007ffcb2530000 - 0x00007ffcb253c000 	C:\WINDOWS\SYSTEM32\CRYPTBASE.dll
0x00007ffcb1670000 - 0x00007ffcb16a4000 	C:\WINDOWS\SYSTEM32\IPHLPAPI.DLL
0x00007ffcb5c80000 - 0x00007ffcb5c8a000 	C:\WINDOWS\System32\NSI.dll
0x00007ffc508b0000 - 0x00007ffc508f9000 	C:\Users\Dell\AppData\Local\Temp\jna-2126305\jna18228100748437895651.dll
0x00007ffcb5c90000 - 0x00007ffcb5c98000 	C:\WINDOWS\System32\PSAPI.DLL

JVMTI agents:
c:\Users\Dell\.vscode\extensions\redhat.java-1.55.0-win32-x64\lombok\lombok-1.18.39-4050.jar path:c:\Users\Dell\.vscode\extensions\redhat.java-1.55.0-win32-x64\jre\21.0.11-win32-x86_64\bin\instrument.dll, loaded, initialized, instrumentlib options:none

dbghelp: loaded successfully - version: 4.0.5 - missing functions: none
symbol engine: initialized successfully - sym options: 0x614 - pdb path: .;c:\Users\Dell\.vscode\extensions\redhat.java-1.55.0-win32-x64\jre\21.0.11-win32-x86_64\bin;C:\WINDOWS\SYSTEM32;C:\WINDOWS\WinSxS\amd64_microsoft.windows.common-controls_6595b64144ccf1df_6.0.26100.7309_none_3e05feeae336a044;c:\Users\Dell\.vscode\extensions\redhat.java-1.55.0-win32-x64\jre\21.0.11-win32-x86_64\bin\server;C:\Users\Dell\AppData\Roaming\Code\User\globalStorage\redhat.java\1.55.0\config_ss_win\org.eclipse.equinox.launcher\org.eclipse.equinox.launcher.win32.win32.x86_64_1.3.100.v20260613-0559;C:\Users\Dell\AppData\Local\Temp\jna-2126305

VM Arguments:
jvm_args: --add-modules=ALL-SYSTEM --add-opens=java.base/java.util=ALL-UNNAMED --add-opens=java.base/java.lang=ALL-UNNAMED --add-opens=java.base/sun.nio.fs=ALL-UNNAMED -Declipse.application=org.eclipse.jdt.ls.core.id1 -Dosgi.bundles.defaultStartLevel=4 -Declipse.product=org.eclipse.jdt.ls.core.product -Djava.import.generatesMetadataFilesAtProjectRoot=false -DDetectVMInstallationsJob.disabled=true -Dfile.encoding=utf8 -XX:+UseParallelGC -XX:GCTimeRatio=4 -XX:AdaptiveSizePolicyWeight=90 -Dsun.zip.disableMemoryMapping=true -Xmx2G -Xms100m -Xlog:disable -javaagent:c:\Users\Dell\.vscode\extensions\redhat.java-1.55.0-win32-x64\lombok\lombok-1.18.39-4050.jar 
java_command: c:\Users\Dell\.vscode\extensions\redhat.java-1.55.0-win32-x64\server\plugins\org.eclipse.equinox.launcher_1.7.200.v20260619-2039.jar -configuration c:\Users\Dell\AppData\Roaming\Code\User\globalStorage\redhat.java\1.55.0\config_ss_win -data c:\Users\Dell\AppData\Roaming\Code\User\workspaceStorage\28a91fd3fe968c159383c64ab61462b2\redhat.java\ss_ws --pipe=\\.\pipe\lsp-5405b42a9ed77817b4c98a783c272972-sock
java_class_path (initial): c:\Users\Dell\.vscode\extensions\redhat.java-1.55.0-win32-x64\server\plugins\org.eclipse.equinox.launcher_1.7.200.v20260619-2039.jar
Launcher Type: SUN_STANDARD

[Global flags]
    uintx AdaptiveSizePolicyWeight                 = 90                                        {product} {command line}
     intx CICompilerCount                          = 12                                        {product} {ergonomic}
    uintx GCTimeRatio                              = 4                                         {product} {command line}
   size_t InitialHeapSize                          = 104857600                                 {product} {command line}
   size_t MaxHeapSize                              = 2147483648                                {product} {command line}
   size_t MaxNewSize                               = 715653120                                 {product} {ergonomic}
   size_t MinHeapDeltaBytes                        = 524288                                    {product} {ergonomic}
   size_t MinHeapSize                              = 104857600                                 {product} {command line}
   size_t NewSize                                  = 34603008                                  {product} {ergonomic}
    uintx NonNMethodCodeHeapSize                   = 7602480                                {pd product} {ergonomic}
    uintx NonProfiledCodeHeapSize                  = 122027880                              {pd product} {ergonomic}
   size_t OldSize                                  = 70254592                                  {product} {ergonomic}
    uintx ProfiledCodeHeapSize                     = 122027880                              {pd product} {ergonomic}
    uintx ReservedCodeCacheSize                    = 251658240                              {pd product} {ergonomic}
     bool SegmentedCodeCache                       = true                                      {product} {ergonomic}
   size_t SoftMaxHeapSize                          = 2147483648                             {manageable} {ergonomic}
     bool UseCompressedOops                        = true                           {product lp64_product} {ergonomic}
     bool UseLargePagesIndividualAllocation        = false                                  {pd product} {ergonomic}
     bool UseParallelGC                            = true                                      {product} {command line}

Logging:
Log output configuration:
 #0: stdout all=off uptime,level,tags foldmultilines=false
 #1: stderr all=off uptime,level,tags foldmultilines=false

Release file:
JAVA_VERSION="21.0.11" 
MODULES="java.base java.compiler java.datatransfer java.xml java.prefs java.desktop java.instrument java.logging java.management java.security.sasl java.naming java.rmi java.management.rmi java.net.http java.scripting java.security.jgss java.transaction.xa java.sql java.sql.rowset java.xml.crypto java.se java.smartcardio jdk.accessibility jdk.internal.jvmstat jdk.attach jdk.charsets jdk.internal.opt jdk.zipfs jdk.compiler jdk.crypto.ec jdk.crypto.cryptoki jdk.crypto.mscapi jdk.dynalink jdk.internal.ed jdk.editpad jdk.hotspot.agent jdk.httpserver jdk.internal.le jdk.internal.vm.ci jdk.internal.vm.compiler jdk.internal.vm.compiler.management jdk.jartool jdk.javadoc jdk.jcmd jdk.management jdk.management.agent jdk.jconsole jdk.jdeps jdk.jdwp.agent jdk.jdi jdk.jfr jdk.jshell jdk.jsobject jdk.jstatd jdk.localedata jdk.management.jfr jdk.naming.dns jdk.naming.rmi jdk.net jdk.nio.mapmode jdk.random jdk.sctp jdk.security.auth jdk.security.jgss jdk.unsupported jdk.unsupported.desktop jdk.xml.dom" 

Environment Variables:
PATH=C:\app\Dell\product\21c\dbhomeXE\bin;C:\WINDOWS\system32;C:\WINDOWS;C:\WINDOWS\System32\Wbem;C:\WINDOWS\System32\WindowsPowerShell\v1.0\;C:\WINDOWS\System32\OpenSSH\;C:\Program Files\dotnet\;C:\Program Files\MySQL\MySQL Server 8.0\bin;C:\Program Files\Graphviz\bin;C:\Program Files\nodejs;C:\Users\Dell\Downloads\msys2-x86_64-20250622.exe;C:\MinGW\bin;C:\ProgramData\chocolatey\bin;C:\ProgramData\Microsoft\Windows\Start Menu\Programs;C:\Users\Dell\Downloads\node-v24.13.1-x64.msi;C:\Users\Dell\Downloads\node-v20.20.0-x64.msi;C:\Program Files\nodejs;C:\Program Files\nodejs\;C:\Program Files\PowerShell\7\;C:\Users\Dell\Downloads\apache-maven-3.9.16-bin\apache-maven-3.9.16\bin;C:\Program Files\Git\cmd;C:\Program Files\PostgreSQL\18\bin;C:\Users\Dell\AppData\Local\Programs\Eclipse Adoptium\jdk-21.0.11.10-hotspot\bin;C:\Users\Dell\AppData\Local\Programs\Eclipse Adoptium\jdk-21.0.11.10-hotspot\bin;C:\Program Files\MySQL\MySQL Shell 8.0\bin\;C:\Users\Dell\AppData\Local\Programs\Python\Python313\Scripts\;C:\Users\Dell\AppData\Local\Programs\Python\Python313\;C:\Users\Dell\AppData\Local\Programs\Python\Python312\Scripts\;C:\Users\Dell\AppData\Local\Programs\Python\Python312\;C:\Users\Dell\AppData\Local\Microsoft\WindowsApps;C:\Users\Dell\AppData\Local\Programs\Microsoft VS Code\bin;C:\Users\Dell\AppData\Local\GitHubDesktop\bin;C:\Program Files\JetBrains\PyCharm Community Edition 2024.3.4\bin;;C:\Users\Dell\Downloads\msys2-x86_64-20250622.exe;C:\Users\Dell\AppData\Roaming\npm
USERNAME=Dell
OS=Windows_NT
PROCESSOR_IDENTIFIER=Intel64 Family 6 Model 186 Stepping 2, GenuineIntel
TMP=C:\Users\Dell\AppData\Local\Temp
TEMP=C:\Users\Dell\AppData\Local\Temp




Periodic native trim disabled

---------------  S Y S T E M  ---------------

OS:
 Windows 11 , 64 bit Build 26100 (10.0.26100.7309)
OS uptime: 4 days 21:49 hours
Hyper-V role detected

CPU: total 16 (initial active 16) (8 cores per cpu, 2 threads per core) family 6 model 186 stepping 2 microcode 0x6134, cx8, cmov, fxsr, ht, mmx, 3dnowpref, sse, sse2, sse3, ssse3, sse4.1, sse4.2, popcnt, lzcnt, tsc, tscinvbit, avx, avx2, aes, erms, clmul, bmi1, bmi2, adx, sha, fma, vzeroupper, clflush, clflushopt, clwb, hv, serialize, rdtscp, rdpid, fsrm, f16c, cet_ibt, cet_ss
Processor Information for processor 0
  Max Mhz: 1900, Current Mhz: 1900, Mhz Limit: 1900
Processor Information for processor 1
  Max Mhz: 1900, Current Mhz: 1900, Mhz Limit: 1900
Processor Information for processor 2
  Max Mhz: 1900, Current Mhz: 1900, Mhz Limit: 1900
Processor Information for processor 3
  Max Mhz: 1900, Current Mhz: 1900, Mhz Limit: 1900
Processor Information for processor 4
  Max Mhz: 1900, Current Mhz: 1900, Mhz Limit: 1900
Processor Information for processor 5
  Max Mhz: 1900, Current Mhz: 1900, Mhz Limit: 1900
Processor Information for processor 6
  Max Mhz: 1900, Current Mhz: 1900, Mhz Limit: 1900
Processor Information for processor 7
  Max Mhz: 1900, Current Mhz: 1900, Mhz Limit: 1900
Processor Information for processor 8
  Max Mhz: 1900, Current Mhz: 1492, Mhz Limit: 1900
Processor Information for processor 9
  Max Mhz: 1900, Current Mhz: 1492, Mhz Limit: 1900
Processor Information for processor 10
  Max Mhz: 1900, Current Mhz: 1492, Mhz Limit: 1900
Processor Information for processor 11
  Max Mhz: 1900, Current Mhz: 1900, Mhz Limit: 1900
Processor Information for processor 12
  Max Mhz: 1900, Current Mhz: 1900, Mhz Limit: 1900
Processor Information for processor 13
  Max Mhz: 1900, Current Mhz: 1492, Mhz Limit: 1900
Processor Information for processor 14
  Max Mhz: 1900, Current Mhz: 1492, Mhz Limit: 1900
Processor Information for processor 15
  Max Mhz: 1900, Current Mhz: 1492, Mhz Limit: 1900

Memory: 4k page, system-wide physical 16068M (1905M free)
TotalPageFile size 20999M (AvailPageFile size 0M)
current process WorkingSet (physical memory assigned to process): 150M, peak: 152M
current process commit charge ("private bytes"): 299M, peak: 302M

vm_info: OpenJDK 64-Bit Server VM (21.0.11+10-LTS) for windows-amd64 JRE (21.0.11+10-LTS), built on 2026-04-21T00:00:00Z by "admin" with MS VC++ 17.12 (VS2022)

END.
